2025-03-17 15:07:53,971 INFO [restartedMain] c.n.c.CommunityApplication [StartupInfoLogger.java:53] Starting CommunityApplication using Java 17.0.10 with PID 1812 (E:\javacode\workspace4vscode\nk\community\community\target\classes started by 40782 in E:\javacode\workspace4vscode\nk\community)
2025-03-17 15:07:53,977 INFO [restartedMain] c.n.c.CommunityApplication [SpringApplication.java:652] No active profile set, falling back to 1 default profile: "default"
2025-03-17 15:07:54,019 INFO [restartedMain] o.s.b.d.e.DevToolsPropertyDefaultsPostProcessor [DeferredLog.java:252] Devtools property defaults active! Set 'spring.devtools.add-properties' to 'false' to disable
2025-03-17 15:07:54,019 INFO [restartedMain] o.s.b.d.e.DevToolsPropertyDefaultsPostProcessor [DeferredLog.java:252] For additional web related logging consider setting the 'logging.level.web' property to 'DEBUG'
2025-03-17 15:07:54,902 INFO [restartedMain] o.s.d.r.c.RepositoryConfigurationDelegate [RepositoryConfigurationDelegate.java:295] Multiple Spring Data modules found, entering strict repository configuration mode
2025-03-17 15:07:54,906 INFO [restartedMain] o.s.d.r.c.RepositoryConfigurationDelegate [RepositoryConfigurationDelegate.java:143] Bootstrapping Spring Data Redis repositories in DEFAULT mode.
2025-03-17 15:07:54,940 INFO [restartedMain] o.s.d.r.c.RepositoryConfigurationDelegate [RepositoryConfigurationDelegate.java:211] Finished Spring Data repository scanning in 16 ms. Found 0 Redis repository interfaces.
2025-03-17 15:07:55,915 INFO [restartedMain] o.s.b.w.e.t.TomcatWebServer [TomcatWebServer.java:111] Tomcat initialized with port 8080 (http)
2025-03-17 15:07:55,930 INFO [restartedMain] o.a.c.h.Http11NioProtocol [DirectJDKLog.java:173] Initializing ProtocolHandler ["http-nio-8080"]
2025-03-17 15:07:55,932 INFO [restartedMain] o.a.c.c.StandardService [DirectJDKLog.java:173] Starting service [Tomcat]
2025-03-17 15:07:55,932 INFO [restartedMain] o.a.c.c.StandardEngine [DirectJDKLog.java:173] Starting Servlet engine: [Apache Tomcat/10.1.34]
2025-03-17 15:07:56,026 INFO [restartedMain] o.a.c.c.C.[.[.[/community] [DirectJDKLog.java:173] Initializing Spring embedded WebApplicationContext
2025-03-17 15:07:56,026 INFO [restartedMain] o.s.b.w.s.c.ServletWebServerApplicationContext [ServletWebServerApplicationContext.java:296] Root WebApplicationContext: initialization completed in 2006 ms
2025-03-17 15:07:56,949 INFO [restartedMain] o.s.b.a.w.s.WelcomePageHandlerMapping [WelcomePageHandlerMapping.java:59] Adding welcome page template: index
2025-03-17 15:07:57,566 INFO [restartedMain] o.s.b.d.a.OptionalLiveReloadServer [OptionalLiveReloadServer.java:59] LiveReload server is running on port 35729
2025-03-17 15:07:57,581 INFO [restartedMain] o.a.c.h.Http11NioProtocol [DirectJDKLog.java:173] Starting ProtocolHandler ["http-nio-8080"]
2025-03-17 15:07:57,603 INFO [restartedMain] o.s.b.w.e.t.TomcatWebServer [TomcatWebServer.java:243] Tomcat started on port 8080 (http) with context path '/community'
2025-03-17 15:07:57,610 INFO [restartedMain] c.n.c.CommunityApplication [StartupInfoLogger.java:59] Started CommunityApplication in 4.248 seconds (process running for 5.194)
2025-03-17 15:07:58,065 INFO [http-nio-8080-exec-1] o.a.c.c.C.[.[.[/community] [DirectJDKLog.java:173] Initializing Spring DispatcherServlet 'dispatcherServlet'
2025-03-17 15:07:58,066 INFO [http-nio-8080-exec-1] o.s.w.s.DispatcherServlet [FrameworkServlet.java:532] Initializing Servlet 'dispatcherServlet'
2025-03-17 15:07:58,067 INFO [http-nio-8080-exec-1] o.s.w.s.DispatcherServlet [FrameworkServlet.java:554] Completed initialization in 1 ms
2025-03-17 15:08:09,962 INFO [http-nio-8080-exec-10] c.n.c.a.ServiceLogAspect [ServiceLogAspect.java:36] 用户[0:0:0:0:0:0:0:1],在[2025-03-17 15:08:09],访问了[com.nowcoder.community.service.UserService.login].
2025-03-17 15:08:09,981 INFO [http-nio-8080-exec-10] c.z.h.HikariDataSource [HikariDataSource.java:109] HikariPool-1 - Starting...
2025-03-17 15:08:10,179 INFO [http-nio-8080-exec-10] c.z.h.p.HikariPool [HikariPool.java:554] HikariPool-1 - Added connection com.mysql.cj.jdbc.ConnectionImpl@4c45ea96
2025-03-17 15:08:10,181 INFO [http-nio-8080-exec-10] c.z.h.HikariDataSource [HikariDataSource.java:122] HikariPool-1 - Start completed.
2025-03-17 15:08:10,295 INFO [http-nio-8080-exec-1] c.n.c.a.ServiceLogAspect [ServiceLogAspect.java:36] 用户[0:0:0:0:0:0:0:1],在[2025-03-17 15:08:10],访问了[com.nowcoder.community.service.UserService.findLoginTicket].
2025-03-17 15:08:10,297 INFO [http-nio-8080-exec-1] c.n.c.a.ServiceLogAspect [ServiceLogAspect.java:36] 用户[0:0:0:0:0:0:0:1],在[2025-03-17 15:08:10],访问了[com.nowcoder.community.service.UserService.findUserById].
2025-03-17 15:08:10,303 INFO [http-nio-8080-exec-1] c.n.c.a.ServiceLogAspect [ServiceLogAspect.java:36] 用户[0:0:0:0:0:0:0:1],在[2025-03-17 15:08:10],访问了[com.nowcoder.community.service.DiscussPostService.findDiscussPostRows].
2025-03-17 15:08:10,327 INFO [http-nio-8080-exec-1] c.n.c.a.ServiceLogAspect [ServiceLogAspect.java:36] 用户[0:0:0:0:0:0:0:1],在[2025-03-17 15:08:10],访问了[com.nowcoder.community.service.DiscussPostService.findDiscussPosts].
2025-03-17 15:08:10,332 INFO [http-nio-8080-exec-1] c.n.c.a.ServiceLogAspect [ServiceLogAspect.java:36] 用户[0:0:0:0:0:0:0:1],在[2025-03-17 15:08:10],访问了[com.nowcoder.community.service.UserService.findUserById].
2025-03-17 15:08:10,334 INFO [http-nio-8080-exec-1] c.n.c.a.ServiceLogAspect [ServiceLogAspect.java:36] 用户[0:0:0:0:0:0:0:1],在[2025-03-17 15:08:10],访问了[com.nowcoder.community.service.LikeService.findEntityLikeCount].
2025-03-17 15:08:10,840 INFO [http-nio-8080-exec-1] c.n.c.a.ServiceLogAspect [ServiceLogAspect.java:36] 用户[0:0:0:0:0:0:0:1],在[2025-03-17 15:08:10],访问了[com.nowcoder.community.service.UserService.findUserById].
2025-03-17 15:08:10,843 INFO [http-nio-8080-exec-1] c.n.c.a.ServiceLogAspect [ServiceLogAspect.java:36] 用户[0:0:0:0:0:0:0:1],在[2025-03-17 15:08:10],访问了[com.nowcoder.community.service.LikeService.findEntityLikeCount].
2025-03-17 15:08:10,844 INFO [http-nio-8080-exec-1] c.n.c.a.ServiceLogAspect [ServiceLogAspect.java:36] 用户[0:0:0:0:0:0:0:1],在[2025-03-17 15:08:10],访问了[com.nowcoder.community.service.UserService.findUserById].
2025-03-17 15:08:10,846 INFO [http-nio-8080-exec-1] c.n.c.a.ServiceLogAspect [ServiceLogAspect.java:36] 用户[0:0:0:0:0:0:0:1],在[2025-03-17 15:08:10],访问了[com.nowcoder.community.service.LikeService.findEntityLikeCount].
2025-03-17 15:08:10,847 INFO [http-nio-8080-exec-1] c.n.c.a.ServiceLogAspect [ServiceLogAspect.java:36] 用户[0:0:0:0:0:0:0:1],在[2025-03-17 15:08:10],访问了[com.nowcoder.community.service.UserService.findUserById].
2025-03-17 15:08:10,848 INFO [http-nio-8080-exec-1] c.n.c.a.ServiceLogAspect [ServiceLogAspect.java:36] 用户[0:0:0:0:0:0:0:1],在[2025-03-17 15:08:10],访问了[com.nowcoder.community.service.LikeService.findEntityLikeCount].
2025-03-17 15:08:10,849 INFO [http-nio-8080-exec-1] c.n.c.a.ServiceLogAspect [ServiceLogAspect.java:36] 用户[0:0:0:0:0:0:0:1],在[2025-03-17 15:08:10],访问了[com.nowcoder.community.service.UserService.findUserById].
2025-03-17 15:08:10,850 INFO [http-nio-8080-exec-1] c.n.c.a.ServiceLogAspect [ServiceLogAspect.java:36] 用户[0:0:0:0:0:0:0:1],在[2025-03-17 15:08:10],访问了[com.nowcoder.community.service.LikeService.findEntityLikeCount].
2025-03-17 15:08:10,851 INFO [http-nio-8080-exec-1] c.n.c.a.ServiceLogAspect [ServiceLogAspect.java:36] 用户[0:0:0:0:0:0:0:1],在[2025-03-17 15:08:10],访问了[com.nowcoder.community.service.UserService.findUserById].
2025-03-17 15:08:10,854 INFO [http-nio-8080-exec-1] c.n.c.a.ServiceLogAspect [ServiceLogAspect.java:36] 用户[0:0:0:0:0:0:0:1],在[2025-03-17 15:08:10],访问了[com.nowcoder.community.service.LikeService.findEntityLikeCount].
2025-03-17 15:08:10,854 INFO [http-nio-8080-exec-1] c.n.c.a.ServiceLogAspect [ServiceLogAspect.java:36] 用户[0:0:0:0:0:0:0:1],在[2025-03-17 15:08:10],访问了[com.nowcoder.community.service.UserService.findUserById].
2025-03-17 15:08:10,856 INFO [http-nio-8080-exec-1] c.n.c.a.ServiceLogAspect [ServiceLogAspect.java:36] 用户[0:0:0:0:0:0:0:1],在[2025-03-17 15:08:10],访问了[com.nowcoder.community.service.LikeService.findEntityLikeCount].
2025-03-17 15:08:10,856 INFO [http-nio-8080-exec-1] c.n.c.a.ServiceLogAspect [ServiceLogAspect.java:36] 用户[0:0:0:0:0:0:0:1],在[2025-03-17 15:08:10],访问了[com.nowcoder.community.service.UserService.findUserById].
2025-03-17 15:08:10,857 INFO [http-nio-8080-exec-1] c.n.c.a.ServiceLogAspect [ServiceLogAspect.java:36] 用户[0:0:0:0:0:0:0:1],在[2025-03-17 15:08:10],访问了[com.nowcoder.community.service.LikeService.findEntityLikeCount].
2025-03-17 15:08:10,858 INFO [http-nio-8080-exec-1] c.n.c.a.ServiceLogAspect [ServiceLogAspect.java:36] 用户[0:0:0:0:0:0:0:1],在[2025-03-17 15:08:10],访问了[com.nowcoder.community.service.UserService.findUserById].
2025-03-17 15:08:10,859 INFO [http-nio-8080-exec-1] c.n.c.a.ServiceLogAspect [ServiceLogAspect.java:36] 用户[0:0:0:0:0:0:0:1],在[2025-03-17 15:08:10],访问了[com.nowcoder.community.service.LikeService.findEntityLikeCount].
2025-03-17 15:08:10,861 INFO [http-nio-8080-exec-1] c.n.c.a.ServiceLogAspect [ServiceLogAspect.java:36] 用户[0:0:0:0:0:0:0:1],在[2025-03-17 15:08:10],访问了[com.nowcoder.community.service.UserService.findUserById].
2025-03-17 15:08:10,863 INFO [http-nio-8080-exec-1] c.n.c.a.ServiceLogAspect [ServiceLogAspect.java:36] 用户[0:0:0:0:0:0:0:1],在[2025-03-17 15:08:10],访问了[com.nowcoder.community.service.LikeService.findEntityLikeCount].
2025-03-17 15:08:23,151 INFO [http-nio-8080-exec-9] c.n.c.a.ServiceLogAspect [ServiceLogAspect.java:36] 用户[0:0:0:0:0:0:0:1],在[2025-03-17 15:08:23],访问了[com.nowcoder.community.service.UserService.findLoginTicket].
2025-03-17 15:08:23,155 INFO [http-nio-8080-exec-9] c.n.c.a.ServiceLogAspect [ServiceLogAspect.java:36] 用户[0:0:0:0:0:0:0:1],在[2025-03-17 15:08:23],访问了[com.nowcoder.community.service.UserService.findUserById].
2025-03-17 15:08:23,158 INFO [http-nio-8080-exec-9] c.n.c.a.ServiceLogAspect [ServiceLogAspect.java:36] 用户[0:0:0:0:0:0:0:1],在[2025-03-17 15:08:23],访问了[com.nowcoder.community.service.DiscussPostService.findDiscussPostById].
2025-03-17 15:08:23,161 INFO [http-nio-8080-exec-9] c.n.c.a.ServiceLogAspect [ServiceLogAspect.java:36] 用户[0:0:0:0:0:0:0:1],在[2025-03-17 15:08:23],访问了[com.nowcoder.community.service.UserService.findUserById].
2025-03-17 15:08:23,162 INFO [http-nio-8080-exec-9] c.n.c.a.ServiceLogAspect [ServiceLogAspect.java:36] 用户[0:0:0:0:0:0:0:1],在[2025-03-17 15:08:23],访问了[com.nowcoder.community.service.LikeService.findEntityLikeCount].
2025-03-17 15:08:23,162 INFO [http-nio-8080-exec-9] c.n.c.a.ServiceLogAspect [ServiceLogAspect.java:36] 用户[0:0:0:0:0:0:0:1],在[2025-03-17 15:08:23],访问了[com.nowcoder.community.service.LikeService.findEntityLikeStatus].
2025-03-17 15:08:23,175 INFO [http-nio-8080-exec-9] c.n.c.a.ServiceLogAspect [ServiceLogAspect.java:36] 用户[0:0:0:0:0:0:0:1],在[2025-03-17 15:08:23],访问了[com.nowcoder.community.service.CommentService.findCommentsByEntity].
2025-03-17 15:08:23,184 INFO [http-nio-8080-exec-9] c.n.c.a.ServiceLogAspect [ServiceLogAspect.java:36] 用户[0:0:0:0:0:0:0:1],在[2025-03-17 15:08:23],访问了[com.nowcoder.community.service.UserService.findUserById].
2025-03-17 15:08:23,185 INFO [http-nio-8080-exec-9] c.n.c.a.ServiceLogAspect [ServiceLogAspect.java:36] 用户[0:0:0:0:0:0:0:1],在[2025-03-17 15:08:23],访问了[com.nowcoder.community.service.LikeService.findEntityLikeCount].
2025-03-17 15:08:23,186 INFO [http-nio-8080-exec-9] c.n.c.a.ServiceLogAspect [ServiceLogAspect.java:36] 用户[0:0:0:0:0:0:0:1],在[2025-03-17 15:08:23],访问了[com.nowcoder.community.service.LikeService.findEntityLikeStatus].
2025-03-17 15:08:23,188 INFO [http-nio-8080-exec-9] c.n.c.a.ServiceLogAspect [ServiceLogAspect.java:36] 用户[0:0:0:0:0:0:0:1],在[2025-03-17 15:08:23],访问了[com.nowcoder.community.service.CommentService.findCommentsByEntity].
2025-03-17 15:08:23,189 INFO [http-nio-8080-exec-9] c.n.c.a.ServiceLogAspect [ServiceLogAspect.java:36] 用户[0:0:0:0:0:0:0:1],在[2025-03-17 15:08:23],访问了[com.nowcoder.community.service.UserService.findUserById].
2025-03-17 15:08:23,194 INFO [http-nio-8080-exec-9] c.n.c.a.ServiceLogAspect [ServiceLogAspect.java:36] 用户[0:0:0:0:0:0:0:1],在[2025-03-17 15:08:23],访问了[com.nowcoder.community.service.LikeService.findEntityLikeCount].
2025-03-17 15:08:23,195 INFO [http-nio-8080-exec-9] c.n.c.a.ServiceLogAspect [ServiceLogAspect.java:36] 用户[0:0:0:0:0:0:0:1],在[2025-03-17 15:08:23],访问了[com.nowcoder.community.service.LikeService.findEntityLikeStatus].
2025-03-17 15:08:23,195 INFO [http-nio-8080-exec-9] c.n.c.a.ServiceLogAspect [ServiceLogAspect.java:36] 用户[0:0:0:0:0:0:0:1],在[2025-03-17 15:08:23],访问了[com.nowcoder.community.service.UserService.findUserById].
2025-03-17 15:08:23,198 INFO [http-nio-8080-exec-9] c.n.c.a.ServiceLogAspect [ServiceLogAspect.java:36] 用户[0:0:0:0:0:0:0:1],在[2025-03-17 15:08:23],访问了[com.nowcoder.community.service.LikeService.findEntityLikeCount].
2025-03-17 15:08:23,198 INFO [http-nio-8080-exec-9] c.n.c.a.ServiceLogAspect [ServiceLogAspect.java:36] 用户[0:0:0:0:0:0:0:1],在[2025-03-17 15:08:23],访问了[com.nowcoder.community.service.LikeService.findEntityLikeStatus].
2025-03-17 15:08:23,199 INFO [http-nio-8080-exec-9] c.n.c.a.ServiceLogAspect [ServiceLogAspect.java:36] 用户[0:0:0:0:0:0:0:1],在[2025-03-17 15:08:23],访问了[com.nowcoder.community.service.CommentService.findCommentCount].
2025-03-17 15:08:23,200 INFO [http-nio-8080-exec-9] c.n.c.a.ServiceLogAspect [ServiceLogAspect.java:36] 用户[0:0:0:0:0:0:0:1],在[2025-03-17 15:08:23],访问了[com.nowcoder.community.service.UserService.findUserById].
2025-03-17 15:08:23,201 INFO [http-nio-8080-exec-9] c.n.c.a.ServiceLogAspect [ServiceLogAspect.java:36] 用户[0:0:0:0:0:0:0:1],在[2025-03-17 15:08:23],访问了[com.nowcoder.community.service.LikeService.findEntityLikeCount].
2025-03-17 15:08:23,201 INFO [http-nio-8080-exec-9] c.n.c.a.ServiceLogAspect [ServiceLogAspect.java:36] 用户[0:0:0:0:0:0:0:1],在[2025-03-17 15:08:23],访问了[com.nowcoder.community.service.LikeService.findEntityLikeStatus].
2025-03-17 15:08:23,202 INFO [http-nio-8080-exec-9] c.n.c.a.ServiceLogAspect [ServiceLogAspect.java:36] 用户[0:0:0:0:0:0:0:1],在[2025-03-17 15:08:23],访问了[com.nowcoder.community.service.CommentService.findCommentsByEntity].
2025-03-17 15:08:23,203 INFO [http-nio-8080-exec-9] c.n.c.a.ServiceLogAspect [ServiceLogAspect.java:36] 用户[0:0:0:0:0:0:0:1],在[2025-03-17 15:08:23],访问了[com.nowcoder.community.service.CommentService.findCommentCount].
2025-03-17 15:08:23,204 INFO [http-nio-8080-exec-9] c.n.c.a.ServiceLogAspect [ServiceLogAspect.java:36] 用户[0:0:0:0:0:0:0:1],在[2025-03-17 15:08:23],访问了[com.nowcoder.community.service.UserService.findUserById].
2025-03-17 15:08:23,204 INFO [http-nio-8080-exec-9] c.n.c.a.ServiceLogAspect [ServiceLogAspect.java:36] 用户[0:0:0:0:0:0:0:1],在[2025-03-17 15:08:23],访问了[com.nowcoder.community.service.LikeService.findEntityLikeCount].
2025-03-17 15:08:23,205 INFO [http-nio-8080-exec-9] c.n.c.a.ServiceLogAspect [ServiceLogAspect.java:36] 用户[0:0:0:0:0:0:0:1],在[2025-03-17 15:08:23],访问了[com.nowcoder.community.service.LikeService.findEntityLikeStatus].
2025-03-17 15:08:23,206 INFO [http-nio-8080-exec-9] c.n.c.a.ServiceLogAspect [ServiceLogAspect.java:36] 用户[0:0:0:0:0:0:0:1],在[2025-03-17 15:08:23],访问了[com.nowcoder.community.service.CommentService.findCommentsByEntity].
2025-03-17 15:08:23,206 INFO [http-nio-8080-exec-9] c.n.c.a.ServiceLogAspect [ServiceLogAspect.java:36] 用户[0:0:0:0:0:0:0:1],在[2025-03-17 15:08:23],访问了[com.nowcoder.community.service.CommentService.findCommentCount].
2025-03-17 15:08:23,208 INFO [http-nio-8080-exec-9] c.n.c.a.ServiceLogAspect [ServiceLogAspect.java:36] 用户[0:0:0:0:0:0:0:1],在[2025-03-17 15:08:23],访问了[com.nowcoder.community.service.UserService.findUserById].
2025-03-17 15:08:23,209 INFO [http-nio-8080-exec-9] c.n.c.a.ServiceLogAspect [ServiceLogAspect.java:36] 用户[0:0:0:0:0:0:0:1],在[2025-03-17 15:08:23],访问了[com.nowcoder.community.service.LikeService.findEntityLikeCount].
2025-03-17 15:08:23,210 INFO [http-nio-8080-exec-9] c.n.c.a.ServiceLogAspect [ServiceLogAspect.java:36] 用户[0:0:0:0:0:0:0:1],在[2025-03-17 15:08:23],访问了[com.nowcoder.community.service.LikeService.findEntityLikeStatus].
2025-03-17 15:08:23,211 INFO [http-nio-8080-exec-9] c.n.c.a.ServiceLogAspect [ServiceLogAspect.java:36] 用户[0:0:0:0:0:0:0:1],在[2025-03-17 15:08:23],访问了[com.nowcoder.community.service.CommentService.findCommentsByEntity].
2025-03-17 15:08:23,212 INFO [http-nio-8080-exec-9] c.n.c.a.ServiceLogAspect [ServiceLogAspect.java:36] 用户[0:0:0:0:0:0:0:1],在[2025-03-17 15:08:23],访问了[com.nowcoder.community.service.CommentService.findCommentCount].
2025-03-17 15:08:23,213 INFO [http-nio-8080-exec-9] c.n.c.a.ServiceLogAspect [ServiceLogAspect.java:36] 用户[0:0:0:0:0:0:0:1],在[2025-03-17 15:08:23],访问了[com.nowcoder.community.service.UserService.findUserById].
2025-03-17 15:08:23,213 INFO [http-nio-8080-exec-9] c.n.c.a.ServiceLogAspect [ServiceLogAspect.java:36] 用户[0:0:0:0:0:0:0:1],在[2025-03-17 15:08:23],访问了[com.nowcoder.community.service.LikeService.findEntityLikeCount].
2025-03-17 15:08:23,214 INFO [http-nio-8080-exec-9] c.n.c.a.ServiceLogAspect [ServiceLogAspect.java:36] 用户[0:0:0:0:0:0:0:1],在[2025-03-17 15:08:23],访问了[com.nowcoder.community.service.LikeService.findEntityLikeStatus].
2025-03-17 15:08:23,215 INFO [http-nio-8080-exec-9] c.n.c.a.ServiceLogAspect [ServiceLogAspect.java:36] 用户[0:0:0:0:0:0:0:1],在[2025-03-17 15:08:23],访问了[com.nowcoder.community.service.CommentService.findCommentsByEntity].
2025-03-17 15:08:23,216 INFO [http-nio-8080-exec-9] c.n.c.a.ServiceLogAspect [ServiceLogAspect.java:36] 用户[0:0:0:0:0:0:0:1],在[2025-03-17 15:08:23],访问了[com.nowcoder.community.service.CommentService.findCommentCount].
2025-03-17 15:08:24,551 INFO [http-nio-8080-exec-5] c.n.c.a.ServiceLogAspect [ServiceLogAspect.java:36] 用户[0:0:0:0:0:0:0:1],在[2025-03-17 15:08:24],访问了[com.nowcoder.community.service.UserService.findLoginTicket].
2025-03-17 15:08:24,553 INFO [http-nio-8080-exec-5] c.n.c.a.ServiceLogAspect [ServiceLogAspect.java:36] 用户[0:0:0:0:0:0:0:1],在[2025-03-17 15:08:24],访问了[com.nowcoder.community.service.UserService.findUserById].
2025-03-17 15:08:24,556 INFO [http-nio-8080-exec-5] c.n.c.a.ServiceLogAspect [ServiceLogAspect.java:36] 用户[0:0:0:0:0:0:0:1],在[2025-03-17 15:08:24],访问了[com.nowcoder.community.service.LikeService.like].
2025-03-17 15:08:24,608 INFO [http-nio-8080-exec-5] c.n.c.a.ServiceLogAspect [ServiceLogAspect.java:36] 用户[0:0:0:0:0:0:0:1],在[2025-03-17 15:08:24],访问了[com.nowcoder.community.service.LikeService.findEntityLikeCount].
2025-03-17 15:08:24,609 INFO [http-nio-8080-exec-5] c.n.c.a.ServiceLogAspect [ServiceLogAspect.java:36] 用户[0:0:0:0:0:0:0:1],在[2025-03-17 15:08:24],访问了[com.nowcoder.community.service.LikeService.findEntityLikeStatus].
2025-03-17 15:08:25,298 INFO [http-nio-8080-exec-4] c.n.c.a.ServiceLogAspect [ServiceLogAspect.java:36] 用户[0:0:0:0:0:0:0:1],在[2025-03-17 15:08:25],访问了[com.nowcoder.community.service.UserService.findLoginTicket].
2025-03-17 15:08:25,300 INFO [http-nio-8080-exec-4] c.n.c.a.ServiceLogAspect [ServiceLogAspect.java:36] 用户[0:0:0:0:0:0:0:1],在[2025-03-17 15:08:25],访问了[com.nowcoder.community.service.UserService.findUserById].
2025-03-17 15:08:25,301 INFO [http-nio-8080-exec-4] c.n.c.a.ServiceLogAspect [ServiceLogAspect.java:36] 用户[0:0:0:0:0:0:0:1],在[2025-03-17 15:08:25],访问了[com.nowcoder.community.service.LikeService.like].
2025-03-17 15:08:25,308 INFO [http-nio-8080-exec-4] c.n.c.a.ServiceLogAspect [ServiceLogAspect.java:36] 用户[0:0:0:0:0:0:0:1],在[2025-03-17 15:08:25],访问了[com.nowcoder.community.service.LikeService.findEntityLikeCount].
2025-03-17 15:08:25,308 INFO [http-nio-8080-exec-4] c.n.c.a.ServiceLogAspect [ServiceLogAspect.java:36] 用户[0:0:0:0:0:0:0:1],在[2025-03-17 15:08:25],访问了[com.nowcoder.community.service.LikeService.findEntityLikeStatus].
2025-03-17 15:08:44,537 INFO [SpringApplicationShutdownHook] o.s.b.w.e.t.GracefulShutdown [GracefulShutdown.java:54] Commencing graceful shutdown. Waiting for active requests to complete
2025-03-17 15:08:44,699 INFO [tomcat-shutdown] o.s.b.w.e.t.GracefulShutdown [GracefulShutdown.java:76] Graceful shutdown complete
2025-03-17 15:08:44,727 INFO [SpringApplicationShutdownHook] c.z.h.HikariDataSource [HikariDataSource.java:349] HikariPool-1 - Shutdown initiated...
2025-03-17 15:08:44,740 INFO [SpringApplicationShutdownHook] c.z.h.HikariDataSource [HikariDataSource.java:351] HikariPool-1 - Shutdown completed.
2025-03-17 15:09:04,001 INFO [restartedMain] c.n.c.CommunityApplication [StartupInfoLogger.java:53] Starting CommunityApplication using Java 17.0.10 with PID 24188 (E:\javacode\workspace4vscode\nk\community\community\target\classes started by 40782 in E:\javacode\workspace4vscode\nk\community)
2025-03-17 15:09:04,004 INFO [restartedMain] c.n.c.CommunityApplication [SpringApplication.java:652] No active profile set, falling back to 1 default profile: "default"
2025-03-17 15:09:04,042 INFO [restartedMain] o.s.b.d.e.DevToolsPropertyDefaultsPostProcessor [DeferredLog.java:252] Devtools property defaults active! Set 'spring.devtools.add-properties' to 'false' to disable
2025-03-17 15:09:04,043 INFO [restartedMain] o.s.b.d.e.DevToolsPropertyDefaultsPostProcessor [DeferredLog.java:252] For additional web related logging consider setting the 'logging.level.web' property to 'DEBUG'
2025-03-17 15:09:04,870 INFO [restartedMain] o.s.d.r.c.RepositoryConfigurationDelegate [RepositoryConfigurationDelegate.java:295] Multiple Spring Data modules found, entering strict repository configuration mode
2025-03-17 15:09:04,874 INFO [restartedMain] o.s.d.r.c.RepositoryConfigurationDelegate [RepositoryConfigurationDelegate.java:143] Bootstrapping Spring Data Redis repositories in DEFAULT mode.
2025-03-17 15:09:04,904 INFO [restartedMain] o.s.d.r.c.RepositoryConfigurationDelegate [RepositoryConfigurationDelegate.java:211] Finished Spring Data repository scanning in 16 ms. Found 0 Redis repository interfaces.
2025-03-17 15:09:05,811 INFO [restartedMain] o.s.b.w.e.t.TomcatWebServer [TomcatWebServer.java:111] Tomcat initialized with port 8080 (http)
2025-03-17 15:09:05,825 INFO [restartedMain] o.a.c.h.Http11NioProtocol [DirectJDKLog.java:173] Initializing ProtocolHandler ["http-nio-8080"]
2025-03-17 15:09:05,827 INFO [restartedMain] o.a.c.c.StandardService [DirectJDKLog.java:173] Starting service [Tomcat]
2025-03-17 15:09:05,827 INFO [restartedMain] o.a.c.c.StandardEngine [DirectJDKLog.java:173] Starting Servlet engine: [Apache Tomcat/10.1.34]
2025-03-17 15:09:05,920 INFO [restartedMain] o.a.c.c.C.[.[.[/community] [DirectJDKLog.java:173] Initializing Spring embedded WebApplicationContext
2025-03-17 15:09:05,921 INFO [restartedMain] o.s.b.w.s.c.ServletWebServerApplicationContext [ServletWebServerApplicationContext.java:296] Root WebApplicationContext: initialization completed in 1878 ms
2025-03-17 15:09:06,784 INFO [restartedMain] o.s.b.a.w.s.WelcomePageHandlerMapping [WelcomePageHandlerMapping.java:59] Adding welcome page template: index
2025-03-17 15:09:07,362 INFO [restartedMain] o.s.b.d.a.OptionalLiveReloadServer [OptionalLiveReloadServer.java:59] LiveReload server is running on port 35729
2025-03-17 15:09:07,378 INFO [restartedMain] o.a.c.h.Http11NioProtocol [DirectJDKLog.java:173] Starting ProtocolHandler ["http-nio-8080"]
2025-03-17 15:09:07,398 INFO [restartedMain] o.s.b.w.e.t.TomcatWebServer [TomcatWebServer.java:243] Tomcat started on port 8080 (http) with context path '/community'
2025-03-17 15:09:07,406 INFO [restartedMain] c.n.c.CommunityApplication [StartupInfoLogger.java:59] Started CommunityApplication in 3.948 seconds (process running for 4.814)
2025-03-17 15:09:10,833 INFO [http-nio-8080-exec-1] o.a.c.c.C.[.[.[/community] [DirectJDKLog.java:173] Initializing Spring DispatcherServlet 'dispatcherServlet'
2025-03-17 15:09:10,833 INFO [http-nio-8080-exec-1] o.s.w.s.DispatcherServlet [FrameworkServlet.java:532] Initializing Servlet 'dispatcherServlet'
2025-03-17 15:09:10,835 INFO [http-nio-8080-exec-1] o.s.w.s.DispatcherServlet [FrameworkServlet.java:554] Completed initialization in 2 ms
2025-03-17 15:09:10,863 INFO [http-nio-8080-exec-1] c.n.c.a.ServiceLogAspect [ServiceLogAspect.java:36] 用户[0:0:0:0:0:0:0:1],在[2025-03-17 15:09:10],访问了[com.nowcoder.community.service.UserService.findLoginTicket].
2025-03-17 15:09:10,880 INFO [http-nio-8080-exec-1] c.z.h.HikariDataSource [HikariDataSource.java:109] HikariPool-1 - Starting...
2025-03-17 15:09:11,023 INFO [http-nio-8080-exec-1] c.z.h.p.HikariPool [HikariPool.java:554] HikariPool-1 - Added connection com.mysql.cj.jdbc.ConnectionImpl@687ab5f1
2025-03-17 15:09:11,025 INFO [http-nio-8080-exec-1] c.z.h.HikariDataSource [HikariDataSource.java:122] HikariPool-1 - Start completed.
2025-03-17 15:09:11,088 INFO [http-nio-8080-exec-1] c.n.c.a.ServiceLogAspect [ServiceLogAspect.java:36] 用户[0:0:0:0:0:0:0:1],在[2025-03-17 15:09:11],访问了[com.nowcoder.community.service.UserService.findUserById].
2025-03-17 15:09:11,116 INFO [http-nio-8080-exec-1] c.n.c.a.ServiceLogAspect [ServiceLogAspect.java:36] 用户[0:0:0:0:0:0:0:1],在[2025-03-17 15:09:11],访问了[com.nowcoder.community.service.UserService.findUserById].
2025-03-17 15:09:11,119 INFO [http-nio-8080-exec-1] c.n.c.a.ServiceLogAspect [ServiceLogAspect.java:36] 用户[0:0:0:0:0:0:0:1],在[2025-03-17 15:09:11],访问了[com.nowcoder.community.service.LikeService.findUserLikeCount].
2025-03-17 15:09:11,881 INFO [http-nio-8080-exec-1] c.n.c.a.ServiceLogAspect [ServiceLogAspect.java:36] 用户[0:0:0:0:0:0:0:1],在[2025-03-17 15:09:11],访问了[com.nowcoder.community.service.UserService.findLoginTicket].
2025-03-17 15:09:11,883 INFO [http-nio-8080-exec-1] c.n.c.a.ServiceLogAspect [ServiceLogAspect.java:36] 用户[0:0:0:0:0:0:0:1],在[2025-03-17 15:09:11],访问了[com.nowcoder.community.service.UserService.findUserById].
2025-03-17 15:09:15,037 INFO [http-nio-8080-exec-6] c.n.c.a.ServiceLogAspect [ServiceLogAspect.java:36] 用户[0:0:0:0:0:0:0:1],在[2025-03-17 15:09:15],访问了[com.nowcoder.community.service.UserService.findLoginTicket].
2025-03-17 15:09:15,041 INFO [http-nio-8080-exec-6] c.n.c.a.ServiceLogAspect [ServiceLogAspect.java:36] 用户[0:0:0:0:0:0:0:1],在[2025-03-17 15:09:15],访问了[com.nowcoder.community.service.UserService.findUserById].
2025-03-17 15:09:15,045 INFO [http-nio-8080-exec-6] c.n.c.a.ServiceLogAspect [ServiceLogAspect.java:36] 用户[0:0:0:0:0:0:0:1],在[2025-03-17 15:09:15],访问了[com.nowcoder.community.service.DiscussPostService.findDiscussPostById].
2025-03-17 15:09:15,050 INFO [http-nio-8080-exec-6] c.n.c.a.ServiceLogAspect [ServiceLogAspect.java:36] 用户[0:0:0:0:0:0:0:1],在[2025-03-17 15:09:15],访问了[com.nowcoder.community.service.UserService.findUserById].
2025-03-17 15:09:15,050 INFO [http-nio-8080-exec-6] c.n.c.a.ServiceLogAspect [ServiceLogAspect.java:36] 用户[0:0:0:0:0:0:0:1],在[2025-03-17 15:09:15],访问了[com.nowcoder.community.service.LikeService.findEntityLikeCount].
2025-03-17 15:09:15,050 INFO [http-nio-8080-exec-6] c.n.c.a.ServiceLogAspect [ServiceLogAspect.java:36] 用户[0:0:0:0:0:0:0:1],在[2025-03-17 15:09:15],访问了[com.nowcoder.community.service.LikeService.findEntityLikeStatus].
2025-03-17 15:09:15,058 INFO [http-nio-8080-exec-6] c.n.c.a.ServiceLogAspect [ServiceLogAspect.java:36] 用户[0:0:0:0:0:0:0:1],在[2025-03-17 15:09:15],访问了[com.nowcoder.community.service.CommentService.findCommentsByEntity].
2025-03-17 15:09:15,072 INFO [http-nio-8080-exec-6] c.n.c.a.ServiceLogAspect [ServiceLogAspect.java:36] 用户[0:0:0:0:0:0:0:1],在[2025-03-17 15:09:15],访问了[com.nowcoder.community.service.UserService.findUserById].
2025-03-17 15:09:15,073 INFO [http-nio-8080-exec-6] c.n.c.a.ServiceLogAspect [ServiceLogAspect.java:36] 用户[0:0:0:0:0:0:0:1],在[2025-03-17 15:09:15],访问了[com.nowcoder.community.service.LikeService.findEntityLikeCount].
2025-03-17 15:09:15,074 INFO [http-nio-8080-exec-6] c.n.c.a.ServiceLogAspect [ServiceLogAspect.java:36] 用户[0:0:0:0:0:0:0:1],在[2025-03-17 15:09:15],访问了[com.nowcoder.community.service.LikeService.findEntityLikeStatus].
2025-03-17 15:09:15,075 INFO [http-nio-8080-exec-6] c.n.c.a.ServiceLogAspect [ServiceLogAspect.java:36] 用户[0:0:0:0:0:0:0:1],在[2025-03-17 15:09:15],访问了[com.nowcoder.community.service.CommentService.findCommentsByEntity].
2025-03-17 15:09:15,075 INFO [http-nio-8080-exec-6] c.n.c.a.ServiceLogAspect [ServiceLogAspect.java:36] 用户[0:0:0:0:0:0:0:1],在[2025-03-17 15:09:15],访问了[com.nowcoder.community.service.UserService.findUserById].
2025-03-17 15:09:15,075 INFO [http-nio-8080-exec-6] c.n.c.a.ServiceLogAspect [ServiceLogAspect.java:36] 用户[0:0:0:0:0:0:0:1],在[2025-03-17 15:09:15],访问了[com.nowcoder.community.service.LikeService.findEntityLikeCount].
2025-03-17 15:09:15,075 INFO [http-nio-8080-exec-6] c.n.c.a.ServiceLogAspect [ServiceLogAspect.java:36] 用户[0:0:0:0:0:0:0:1],在[2025-03-17 15:09:15],访问了[com.nowcoder.community.service.LikeService.findEntityLikeStatus].
2025-03-17 15:09:15,075 INFO [http-nio-8080-exec-6] c.n.c.a.ServiceLogAspect [ServiceLogAspect.java:36] 用户[0:0:0:0:0:0:0:1],在[2025-03-17 15:09:15],访问了[com.nowcoder.community.service.UserService.findUserById].
2025-03-17 15:09:15,082 INFO [http-nio-8080-exec-6] c.n.c.a.ServiceLogAspect [ServiceLogAspect.java:36] 用户[0:0:0:0:0:0:0:1],在[2025-03-17 15:09:15],访问了[com.nowcoder.community.service.LikeService.findEntityLikeCount].
2025-03-17 15:09:15,082 INFO [http-nio-8080-exec-6] c.n.c.a.ServiceLogAspect [ServiceLogAspect.java:36] 用户[0:0:0:0:0:0:0:1],在[2025-03-17 15:09:15],访问了[com.nowcoder.community.service.LikeService.findEntityLikeStatus].
2025-03-17 15:09:15,083 INFO [http-nio-8080-exec-6] c.n.c.a.ServiceLogAspect [ServiceLogAspect.java:36] 用户[0:0:0:0:0:0:0:1],在[2025-03-17 15:09:15],访问了[com.nowcoder.community.service.CommentService.findCommentCount].
2025-03-17 15:09:15,085 INFO [http-nio-8080-exec-6] c.n.c.a.ServiceLogAspect [ServiceLogAspect.java:36] 用户[0:0:0:0:0:0:0:1],在[2025-03-17 15:09:15],访问了[com.nowcoder.community.service.UserService.findUserById].
2025-03-17 15:09:15,089 INFO [http-nio-8080-exec-6] c.n.c.a.ServiceLogAspect [ServiceLogAspect.java:36] 用户[0:0:0:0:0:0:0:1],在[2025-03-17 15:09:15],访问了[com.nowcoder.community.service.LikeService.findEntityLikeCount].
2025-03-17 15:09:15,089 INFO [http-nio-8080-exec-6] c.n.c.a.ServiceLogAspect [ServiceLogAspect.java:36] 用户[0:0:0:0:0:0:0:1],在[2025-03-17 15:09:15],访问了[com.nowcoder.community.service.LikeService.findEntityLikeStatus].
2025-03-17 15:09:15,090 INFO [http-nio-8080-exec-6] c.n.c.a.ServiceLogAspect [ServiceLogAspect.java:36] 用户[0:0:0:0:0:0:0:1],在[2025-03-17 15:09:15],访问了[com.nowcoder.community.service.CommentService.findCommentsByEntity].
2025-03-17 15:09:15,091 INFO [http-nio-8080-exec-6] c.n.c.a.ServiceLogAspect [ServiceLogAspect.java:36] 用户[0:0:0:0:0:0:0:1],在[2025-03-17 15:09:15],访问了[com.nowcoder.community.service.CommentService.findCommentCount].
2025-03-17 15:09:15,091 INFO [http-nio-8080-exec-6] c.n.c.a.ServiceLogAspect [ServiceLogAspect.java:36] 用户[0:0:0:0:0:0:0:1],在[2025-03-17 15:09:15],访问了[com.nowcoder.community.service.UserService.findUserById].
2025-03-17 15:09:15,091 INFO [http-nio-8080-exec-6] c.n.c.a.ServiceLogAspect [ServiceLogAspect.java:36] 用户[0:0:0:0:0:0:0:1],在[2025-03-17 15:09:15],访问了[com.nowcoder.community.service.LikeService.findEntityLikeCount].
2025-03-17 15:09:15,091 INFO [http-nio-8080-exec-6] c.n.c.a.ServiceLogAspect [ServiceLogAspect.java:36] 用户[0:0:0:0:0:0:0:1],在[2025-03-17 15:09:15],访问了[com.nowcoder.community.service.LikeService.findEntityLikeStatus].
2025-03-17 15:09:15,091 INFO [http-nio-8080-exec-6] c.n.c.a.ServiceLogAspect [ServiceLogAspect.java:36] 用户[0:0:0:0:0:0:0:1],在[2025-03-17 15:09:15],访问了[com.nowcoder.community.service.CommentService.findCommentsByEntity].
2025-03-17 15:09:15,091 INFO [http-nio-8080-exec-6] c.n.c.a.ServiceLogAspect [ServiceLogAspect.java:36] 用户[0:0:0:0:0:0:0:1],在[2025-03-17 15:09:15],访问了[com.nowcoder.community.service.CommentService.findCommentCount].
2025-03-17 15:09:15,091 INFO [http-nio-8080-exec-6] c.n.c.a.ServiceLogAspect [ServiceLogAspect.java:36] 用户[0:0:0:0:0:0:0:1],在[2025-03-17 15:09:15],访问了[com.nowcoder.community.service.UserService.findUserById].
2025-03-17 15:09:15,098 INFO [http-nio-8080-exec-6] c.n.c.a.ServiceLogAspect [ServiceLogAspect.java:36] 用户[0:0:0:0:0:0:0:1],在[2025-03-17 15:09:15],访问了[com.nowcoder.community.service.LikeService.findEntityLikeCount].
2025-03-17 15:09:15,099 INFO [http-nio-8080-exec-6] c.n.c.a.ServiceLogAspect [ServiceLogAspect.java:36] 用户[0:0:0:0:0:0:0:1],在[2025-03-17 15:09:15],访问了[com.nowcoder.community.service.LikeService.findEntityLikeStatus].
2025-03-17 15:09:15,100 INFO [http-nio-8080-exec-6] c.n.c.a.ServiceLogAspect [ServiceLogAspect.java:36] 用户[0:0:0:0:0:0:0:1],在[2025-03-17 15:09:15],访问了[com.nowcoder.community.service.CommentService.findCommentsByEntity].
2025-03-17 15:09:15,101 INFO [http-nio-8080-exec-6] c.n.c.a.ServiceLogAspect [ServiceLogAspect.java:36] 用户[0:0:0:0:0:0:0:1],在[2025-03-17 15:09:15],访问了[com.nowcoder.community.service.CommentService.findCommentCount].
2025-03-17 15:09:15,101 INFO [http-nio-8080-exec-6] c.n.c.a.ServiceLogAspect [ServiceLogAspect.java:36] 用户[0:0:0:0:0:0:0:1],在[2025-03-17 15:09:15],访问了[com.nowcoder.community.service.UserService.findUserById].
2025-03-17 15:09:15,102 INFO [http-nio-8080-exec-6] c.n.c.a.ServiceLogAspect [ServiceLogAspect.java:36] 用户[0:0:0:0:0:0:0:1],在[2025-03-17 15:09:15],访问了[com.nowcoder.community.service.LikeService.findEntityLikeCount].
2025-03-17 15:09:15,103 INFO [http-nio-8080-exec-6] c.n.c.a.ServiceLogAspect [ServiceLogAspect.java:36] 用户[0:0:0:0:0:0:0:1],在[2025-03-17 15:09:15],访问了[com.nowcoder.community.service.LikeService.findEntityLikeStatus].
2025-03-17 15:09:15,103 INFO [http-nio-8080-exec-6] c.n.c.a.ServiceLogAspect [ServiceLogAspect.java:36] 用户[0:0:0:0:0:0:0:1],在[2025-03-17 15:09:15],访问了[com.nowcoder.community.service.CommentService.findCommentsByEntity].
2025-03-17 15:09:15,105 INFO [http-nio-8080-exec-6] c.n.c.a.ServiceLogAspect [ServiceLogAspect.java:36] 用户[0:0:0:0:0:0:0:1],在[2025-03-17 15:09:15],访问了[com.nowcoder.community.service.CommentService.findCommentCount].
2025-03-17 15:09:19,059 INFO [http-nio-8080-exec-9] c.n.c.a.ServiceLogAspect [ServiceLogAspect.java:36] 用户[0:0:0:0:0:0:0:1],在[2025-03-17 15:09:19],访问了[com.nowcoder.community.service.UserService.findLoginTicket].
2025-03-17 15:09:19,061 INFO [http-nio-8080-exec-9] c.n.c.a.ServiceLogAspect [ServiceLogAspect.java:36] 用户[0:0:0:0:0:0:0:1],在[2025-03-17 15:09:19],访问了[com.nowcoder.community.service.UserService.findUserById].
2025-03-17 15:09:19,064 INFO [http-nio-8080-exec-9] c.n.c.a.ServiceLogAspect [ServiceLogAspect.java:36] 用户[0:0:0:0:0:0:0:1],在[2025-03-17 15:09:19],访问了[com.nowcoder.community.service.DiscussPostService.findDiscussPostById].
2025-03-17 15:09:19,065 INFO [http-nio-8080-exec-9] c.n.c.a.ServiceLogAspect [ServiceLogAspect.java:36] 用户[0:0:0:0:0:0:0:1],在[2025-03-17 15:09:19],访问了[com.nowcoder.community.service.UserService.findUserById].
2025-03-17 15:09:19,067 INFO [http-nio-8080-exec-9] c.n.c.a.ServiceLogAspect [ServiceLogAspect.java:36] 用户[0:0:0:0:0:0:0:1],在[2025-03-17 15:09:19],访问了[com.nowcoder.community.service.LikeService.findEntityLikeCount].
2025-03-17 15:09:19,069 INFO [http-nio-8080-exec-9] c.n.c.a.ServiceLogAspect [ServiceLogAspect.java:36] 用户[0:0:0:0:0:0:0:1],在[2025-03-17 15:09:19],访问了[com.nowcoder.community.service.LikeService.findEntityLikeStatus].
2025-03-17 15:09:19,070 INFO [http-nio-8080-exec-9] c.n.c.a.ServiceLogAspect [ServiceLogAspect.java:36] 用户[0:0:0:0:0:0:0:1],在[2025-03-17 15:09:19],访问了[com.nowcoder.community.service.CommentService.findCommentsByEntity].
2025-03-17 15:09:19,072 INFO [http-nio-8080-exec-9] c.n.c.a.ServiceLogAspect [ServiceLogAspect.java:36] 用户[0:0:0:0:0:0:0:1],在[2025-03-17 15:09:19],访问了[com.nowcoder.community.service.UserService.findUserById].
2025-03-17 15:09:19,073 INFO [http-nio-8080-exec-9] c.n.c.a.ServiceLogAspect [ServiceLogAspect.java:36] 用户[0:0:0:0:0:0:0:1],在[2025-03-17 15:09:19],访问了[com.nowcoder.community.service.LikeService.findEntityLikeCount].
2025-03-17 15:09:19,075 INFO [http-nio-8080-exec-9] c.n.c.a.ServiceLogAspect [ServiceLogAspect.java:36] 用户[0:0:0:0:0:0:0:1],在[2025-03-17 15:09:19],访问了[com.nowcoder.community.service.LikeService.findEntityLikeStatus].
2025-03-17 15:09:19,075 INFO [http-nio-8080-exec-9] c.n.c.a.ServiceLogAspect [ServiceLogAspect.java:36] 用户[0:0:0:0:0:0:0:1],在[2025-03-17 15:09:19],访问了[com.nowcoder.community.service.CommentService.findCommentsByEntity].
2025-03-17 15:09:19,077 INFO [http-nio-8080-exec-9] c.n.c.a.ServiceLogAspect [ServiceLogAspect.java:36] 用户[0:0:0:0:0:0:0:1],在[2025-03-17 15:09:19],访问了[com.nowcoder.community.service.UserService.findUserById].
2025-03-17 15:09:19,079 INFO [http-nio-8080-exec-9] c.n.c.a.ServiceLogAspect [ServiceLogAspect.java:36] 用户[0:0:0:0:0:0:0:1],在[2025-03-17 15:09:19],访问了[com.nowcoder.community.service.LikeService.findEntityLikeCount].
2025-03-17 15:09:19,080 INFO [http-nio-8080-exec-9] c.n.c.a.ServiceLogAspect [ServiceLogAspect.java:36] 用户[0:0:0:0:0:0:0:1],在[2025-03-17 15:09:19],访问了[com.nowcoder.community.service.LikeService.findEntityLikeStatus].
2025-03-17 15:09:19,080 INFO [http-nio-8080-exec-9] c.n.c.a.ServiceLogAspect [ServiceLogAspect.java:36] 用户[0:0:0:0:0:0:0:1],在[2025-03-17 15:09:19],访问了[com.nowcoder.community.service.UserService.findUserById].
2025-03-17 15:09:19,082 INFO [http-nio-8080-exec-9] c.n.c.a.ServiceLogAspect [ServiceLogAspect.java:36] 用户[0:0:0:0:0:0:0:1],在[2025-03-17 15:09:19],访问了[com.nowcoder.community.service.LikeService.findEntityLikeCount].
2025-03-17 15:09:19,083 INFO [http-nio-8080-exec-9] c.n.c.a.ServiceLogAspect [ServiceLogAspect.java:36] 用户[0:0:0:0:0:0:0:1],在[2025-03-17 15:09:19],访问了[com.nowcoder.community.service.LikeService.findEntityLikeStatus].
2025-03-17 15:09:19,084 INFO [http-nio-8080-exec-9] c.n.c.a.ServiceLogAspect [ServiceLogAspect.java:36] 用户[0:0:0:0:0:0:0:1],在[2025-03-17 15:09:19],访问了[com.nowcoder.community.service.CommentService.findCommentCount].
2025-03-17 15:09:19,085 INFO [http-nio-8080-exec-9] c.n.c.a.ServiceLogAspect [ServiceLogAspect.java:36] 用户[0:0:0:0:0:0:0:1],在[2025-03-17 15:09:19],访问了[com.nowcoder.community.service.UserService.findUserById].
2025-03-17 15:09:19,086 INFO [http-nio-8080-exec-9] c.n.c.a.ServiceLogAspect [ServiceLogAspect.java:36] 用户[0:0:0:0:0:0:0:1],在[2025-03-17 15:09:19],访问了[com.nowcoder.community.service.LikeService.findEntityLikeCount].
2025-03-17 15:09:19,087 INFO [http-nio-8080-exec-9] c.n.c.a.ServiceLogAspect [ServiceLogAspect.java:36] 用户[0:0:0:0:0:0:0:1],在[2025-03-17 15:09:19],访问了[com.nowcoder.community.service.LikeService.findEntityLikeStatus].
2025-03-17 15:09:19,087 INFO [http-nio-8080-exec-9] c.n.c.a.ServiceLogAspect [ServiceLogAspect.java:36] 用户[0:0:0:0:0:0:0:1],在[2025-03-17 15:09:19],访问了[com.nowcoder.community.service.CommentService.findCommentsByEntity].
2025-03-17 15:09:19,089 INFO [http-nio-8080-exec-9] c.n.c.a.ServiceLogAspect [ServiceLogAspect.java:36] 用户[0:0:0:0:0:0:0:1],在[2025-03-17 15:09:19],访问了[com.nowcoder.community.service.CommentService.findCommentCount].
2025-03-17 15:09:19,091 INFO [http-nio-8080-exec-9] c.n.c.a.ServiceLogAspect [ServiceLogAspect.java:36] 用户[0:0:0:0:0:0:0:1],在[2025-03-17 15:09:19],访问了[com.nowcoder.community.service.UserService.findUserById].
2025-03-17 15:09:19,092 INFO [http-nio-8080-exec-9] c.n.c.a.ServiceLogAspect [ServiceLogAspect.java:36] 用户[0:0:0:0:0:0:0:1],在[2025-03-17 15:09:19],访问了[com.nowcoder.community.service.LikeService.findEntityLikeCount].
2025-03-17 15:09:19,092 INFO [http-nio-8080-exec-9] c.n.c.a.ServiceLogAspect [ServiceLogAspect.java:36] 用户[0:0:0:0:0:0:0:1],在[2025-03-17 15:09:19],访问了[com.nowcoder.community.service.LikeService.findEntityLikeStatus].
2025-03-17 15:09:19,093 INFO [http-nio-8080-exec-9] c.n.c.a.ServiceLogAspect [ServiceLogAspect.java:36] 用户[0:0:0:0:0:0:0:1],在[2025-03-17 15:09:19],访问了[com.nowcoder.community.service.CommentService.findCommentsByEntity].
2025-03-17 15:09:19,094 INFO [http-nio-8080-exec-9] c.n.c.a.ServiceLogAspect [ServiceLogAspect.java:36] 用户[0:0:0:0:0:0:0:1],在[2025-03-17 15:09:19],访问了[com.nowcoder.community.service.CommentService.findCommentCount].
2025-03-17 15:09:19,094 INFO [http-nio-8080-exec-9] c.n.c.a.ServiceLogAspect [ServiceLogAspect.java:36] 用户[0:0:0:0:0:0:0:1],在[2025-03-17 15:09:19],访问了[com.nowcoder.community.service.UserService.findUserById].
2025-03-17 15:09:19,095 INFO [http-nio-8080-exec-9] c.n.c.a.ServiceLogAspect [ServiceLogAspect.java:36] 用户[0:0:0:0:0:0:0:1],在[2025-03-17 15:09:19],访问了[com.nowcoder.community.service.LikeService.findEntityLikeCount].
2025-03-17 15:09:19,096 INFO [http-nio-8080-exec-9] c.n.c.a.ServiceLogAspect [ServiceLogAspect.java:36] 用户[0:0:0:0:0:0:0:1],在[2025-03-17 15:09:19],访问了[com.nowcoder.community.service.LikeService.findEntityLikeStatus].
2025-03-17 15:09:19,096 INFO [http-nio-8080-exec-9] c.n.c.a.ServiceLogAspect [ServiceLogAspect.java:36] 用户[0:0:0:0:0:0:0:1],在[2025-03-17 15:09:19],访问了[com.nowcoder.community.service.CommentService.findCommentsByEntity].
2025-03-17 15:09:19,099 INFO [http-nio-8080-exec-9] c.n.c.a.ServiceLogAspect [ServiceLogAspect.java:36] 用户[0:0:0:0:0:0:0:1],在[2025-03-17 15:09:19],访问了[com.nowcoder.community.service.CommentService.findCommentCount].
2025-03-17 15:09:19,100 INFO [http-nio-8080-exec-9] c.n.c.a.ServiceLogAspect [ServiceLogAspect.java:36] 用户[0:0:0:0:0:0:0:1],在[2025-03-17 15:09:19],访问了[com.nowcoder.community.service.UserService.findUserById].
2025-03-17 15:09:19,101 INFO [http-nio-8080-exec-9] c.n.c.a.ServiceLogAspect [ServiceLogAspect.java:36] 用户[0:0:0:0:0:0:0:1],在[2025-03-17 15:09:19],访问了[com.nowcoder.community.service.LikeService.findEntityLikeCount].
2025-03-17 15:09:19,102 INFO [http-nio-8080-exec-9] c.n.c.a.ServiceLogAspect [ServiceLogAspect.java:36] 用户[0:0:0:0:0:0:0:1],在[2025-03-17 15:09:19],访问了[com.nowcoder.community.service.LikeService.findEntityLikeStatus].
2025-03-17 15:09:19,103 INFO [http-nio-8080-exec-9] c.n.c.a.ServiceLogAspect [ServiceLogAspect.java:36] 用户[0:0:0:0:0:0:0:1],在[2025-03-17 15:09:19],访问了[com.nowcoder.community.service.CommentService.findCommentsByEntity].
2025-03-17 15:09:19,104 INFO [http-nio-8080-exec-9] c.n.c.a.ServiceLogAspect [ServiceLogAspect.java:36] 用户[0:0:0:0:0:0:0:1],在[2025-03-17 15:09:19],访问了[com.nowcoder.community.service.CommentService.findCommentCount].
2025-03-17 15:09:20,741 INFO [http-nio-8080-exec-5] c.n.c.a.ServiceLogAspect [ServiceLogAspect.java:36] 用户[0:0:0:0:0:0:0:1],在[2025-03-17 15:09:20],访问了[com.nowcoder.community.service.UserService.findLoginTicket].
2025-03-17 15:09:20,743 INFO [http-nio-8080-exec-5] c.n.c.a.ServiceLogAspect [ServiceLogAspect.java:36] 用户[0:0:0:0:0:0:0:1],在[2025-03-17 15:09:20],访问了[com.nowcoder.community.service.UserService.findUserById].
2025-03-17 15:09:20,744 INFO [http-nio-8080-exec-5] c.n.c.a.ServiceLogAspect [ServiceLogAspect.java:36] 用户[0:0:0:0:0:0:0:1],在[2025-03-17 15:09:20],访问了[com.nowcoder.community.service.LikeService.like].
2025-03-17 15:09:20,781 INFO [http-nio-8080-exec-5] c.n.c.a.ServiceLogAspect [ServiceLogAspect.java:36] 用户[0:0:0:0:0:0:0:1],在[2025-03-17 15:09:20],访问了[com.nowcoder.community.service.LikeService.findEntityLikeCount].
2025-03-17 15:09:20,782 INFO [http-nio-8080-exec-5] c.n.c.a.ServiceLogAspect [ServiceLogAspect.java:36] 用户[0:0:0:0:0:0:0:1],在[2025-03-17 15:09:20],访问了[com.nowcoder.community.service.LikeService.findEntityLikeStatus].
2025-03-17 15:09:23,327 INFO [http-nio-8080-exec-3] c.n.c.a.ServiceLogAspect [ServiceLogAspect.java:36] 用户[0:0:0:0:0:0:0:1],在[2025-03-17 15:09:23],访问了[com.nowcoder.community.service.UserService.findLoginTicket].
2025-03-17 15:09:23,329 INFO [http-nio-8080-exec-3] c.n.c.a.ServiceLogAspect [ServiceLogAspect.java:36] 用户[0:0:0:0:0:0:0:1],在[2025-03-17 15:09:23],访问了[com.nowcoder.community.service.UserService.findUserById].
2025-03-17 15:09:23,331 INFO [http-nio-8080-exec-3] c.n.c.a.ServiceLogAspect [ServiceLogAspect.java:36] 用户[0:0:0:0:0:0:0:1],在[2025-03-17 15:09:23],访问了[com.nowcoder.community.service.DiscussPostService.findDiscussPostRows].
2025-03-17 15:09:23,348 INFO [http-nio-8080-exec-3] c.n.c.a.ServiceLogAspect [ServiceLogAspect.java:36] 用户[0:0:0:0:0:0:0:1],在[2025-03-17 15:09:23],访问了[com.nowcoder.community.service.DiscussPostService.findDiscussPosts].
2025-03-17 15:09:23,350 INFO [http-nio-8080-exec-3] c.n.c.a.ServiceLogAspect [ServiceLogAspect.java:36] 用户[0:0:0:0:0:0:0:1],在[2025-03-17 15:09:23],访问了[com.nowcoder.community.service.UserService.findUserById].
2025-03-17 15:09:23,352 INFO [http-nio-8080-exec-3] c.n.c.a.ServiceLogAspect [ServiceLogAspect.java:36] 用户[0:0:0:0:0:0:0:1],在[2025-03-17 15:09:23],访问了[com.nowcoder.community.service.LikeService.findEntityLikeCount].
2025-03-17 15:09:23,353 INFO [http-nio-8080-exec-3] c.n.c.a.ServiceLogAspect [ServiceLogAspect.java:36] 用户[0:0:0:0:0:0:0:1],在[2025-03-17 15:09:23],访问了[com.nowcoder.community.service.UserService.findUserById].
2025-03-17 15:09:23,353 INFO [http-nio-8080-exec-3] c.n.c.a.ServiceLogAspect [ServiceLogAspect.java:36] 用户[0:0:0:0:0:0:0:1],在[2025-03-17 15:09:23],访问了[com.nowcoder.community.service.LikeService.findEntityLikeCount].
2025-03-17 15:09:23,353 INFO [http-nio-8080-exec-3] c.n.c.a.ServiceLogAspect [ServiceLogAspect.java:36] 用户[0:0:0:0:0:0:0:1],在[2025-03-17 15:09:23],访问了[com.nowcoder.community.service.UserService.findUserById].
2025-03-17 15:09:23,353 INFO [http-nio-8080-exec-3] c.n.c.a.ServiceLogAspect [ServiceLogAspect.java:36] 用户[0:0:0:0:0:0:0:1],在[2025-03-17 15:09:23],访问了[com.nowcoder.community.service.LikeService.findEntityLikeCount].
2025-03-17 15:09:23,353 INFO [http-nio-8080-exec-3] c.n.c.a.ServiceLogAspect [ServiceLogAspect.java:36] 用户[0:0:0:0:0:0:0:1],在[2025-03-17 15:09:23],访问了[com.nowcoder.community.service.UserService.findUserById].
2025-03-17 15:09:23,353 INFO [http-nio-8080-exec-3] c.n.c.a.ServiceLogAspect [ServiceLogAspect.java:36] 用户[0:0:0:0:0:0:0:1],在[2025-03-17 15:09:23],访问了[com.nowcoder.community.service.LikeService.findEntityLikeCount].
2025-03-17 15:09:23,353 INFO [http-nio-8080-exec-3] c.n.c.a.ServiceLogAspect [ServiceLogAspect.java:36] 用户[0:0:0:0:0:0:0:1],在[2025-03-17 15:09:23],访问了[com.nowcoder.community.service.UserService.findUserById].
2025-03-17 15:09:23,353 INFO [http-nio-8080-exec-3] c.n.c.a.ServiceLogAspect [ServiceLogAspect.java:36] 用户[0:0:0:0:0:0:0:1],在[2025-03-17 15:09:23],访问了[com.nowcoder.community.service.LikeService.findEntityLikeCount].
2025-03-17 15:09:23,353 INFO [http-nio-8080-exec-3] c.n.c.a.ServiceLogAspect [ServiceLogAspect.java:36] 用户[0:0:0:0:0:0:0:1],在[2025-03-17 15:09:23],访问了[com.nowcoder.community.service.UserService.findUserById].
2025-03-17 15:09:23,360 INFO [http-nio-8080-exec-3] c.n.c.a.ServiceLogAspect [ServiceLogAspect.java:36] 用户[0:0:0:0:0:0:0:1],在[2025-03-17 15:09:23],访问了[com.nowcoder.community.service.LikeService.findEntityLikeCount].
2025-03-17 15:09:23,361 INFO [http-nio-8080-exec-3] c.n.c.a.ServiceLogAspect [ServiceLogAspect.java:36] 用户[0:0:0:0:0:0:0:1],在[2025-03-17 15:09:23],访问了[com.nowcoder.community.service.UserService.findUserById].
2025-03-17 15:09:23,362 INFO [http-nio-8080-exec-3] c.n.c.a.ServiceLogAspect [ServiceLogAspect.java:36] 用户[0:0:0:0:0:0:0:1],在[2025-03-17 15:09:23],访问了[com.nowcoder.community.service.LikeService.findEntityLikeCount].
2025-03-17 15:09:23,362 INFO [http-nio-8080-exec-3] c.n.c.a.ServiceLogAspect [ServiceLogAspect.java:36] 用户[0:0:0:0:0:0:0:1],在[2025-03-17 15:09:23],访问了[com.nowcoder.community.service.UserService.findUserById].
2025-03-17 15:09:23,363 INFO [http-nio-8080-exec-3] c.n.c.a.ServiceLogAspect [ServiceLogAspect.java:36] 用户[0:0:0:0:0:0:0:1],在[2025-03-17 15:09:23],访问了[com.nowcoder.community.service.LikeService.findEntityLikeCount].
2025-03-17 15:09:23,364 INFO [http-nio-8080-exec-3] c.n.c.a.ServiceLogAspect [ServiceLogAspect.java:36] 用户[0:0:0:0:0:0:0:1],在[2025-03-17 15:09:23],访问了[com.nowcoder.community.service.UserService.findUserById].
2025-03-17 15:09:23,365 INFO [http-nio-8080-exec-3] c.n.c.a.ServiceLogAspect [ServiceLogAspect.java:36] 用户[0:0:0:0:0:0:0:1],在[2025-03-17 15:09:23],访问了[com.nowcoder.community.service.LikeService.findEntityLikeCount].
2025-03-17 15:09:23,365 INFO [http-nio-8080-exec-3] c.n.c.a.ServiceLogAspect [ServiceLogAspect.java:36] 用户[0:0:0:0:0:0:0:1],在[2025-03-17 15:09:23],访问了[com.nowcoder.community.service.UserService.findUserById].
2025-03-17 15:09:23,366 INFO [http-nio-8080-exec-3] c.n.c.a.ServiceLogAspect [ServiceLogAspect.java:36] 用户[0:0:0:0:0:0:0:1],在[2025-03-17 15:09:23],访问了[com.nowcoder.community.service.LikeService.findEntityLikeCount].
2025-03-17 15:09:24,550 INFO [http-nio-8080-exec-7] c.n.c.a.ServiceLogAspect [ServiceLogAspect.java:36] 用户[0:0:0:0:0:0:0:1],在[2025-03-17 15:09:24],访问了[com.nowcoder.community.service.UserService.findLoginTicket].
2025-03-17 15:09:24,552 INFO [http-nio-8080-exec-7] c.n.c.a.ServiceLogAspect [ServiceLogAspect.java:36] 用户[0:0:0:0:0:0:0:1],在[2025-03-17 15:09:24],访问了[com.nowcoder.community.service.UserService.findUserById].
2025-03-17 15:09:24,554 INFO [http-nio-8080-exec-7] c.n.c.a.ServiceLogAspect [ServiceLogAspect.java:36] 用户[0:0:0:0:0:0:0:1],在[2025-03-17 15:09:24],访问了[com.nowcoder.community.service.UserService.findUserById].
2025-03-17 15:09:24,555 INFO [http-nio-8080-exec-7] c.n.c.a.ServiceLogAspect [ServiceLogAspect.java:36] 用户[0:0:0:0:0:0:0:1],在[2025-03-17 15:09:24],访问了[com.nowcoder.community.service.LikeService.findUserLikeCount].
2025-03-17 15:09:24,562 INFO [http-nio-8080-exec-7] c.n.c.a.ServiceLogAspect [ServiceLogAspect.java:36] 用户[0:0:0:0:0:0:0:1],在[2025-03-17 15:09:24],访问了[com.nowcoder.community.service.UserService.findLoginTicket].
2025-03-17 15:09:24,564 INFO [http-nio-8080-exec-7] c.n.c.a.ServiceLogAspect [ServiceLogAspect.java:36] 用户[0:0:0:0:0:0:0:1],在[2025-03-17 15:09:24],访问了[com.nowcoder.community.service.UserService.findUserById].
2025-03-17 15:09:25,833 INFO [http-nio-8080-exec-3] c.n.c.a.ServiceLogAspect [ServiceLogAspect.java:36] 用户[0:0:0:0:0:0:0:1],在[2025-03-17 15:09:25],访问了[com.nowcoder.community.service.UserService.findLoginTicket].
2025-03-17 15:09:25,835 INFO [http-nio-8080-exec-3] c.n.c.a.ServiceLogAspect [ServiceLogAspect.java:36] 用户[0:0:0:0:0:0:0:1],在[2025-03-17 15:09:25],访问了[com.nowcoder.community.service.UserService.findUserById].
2025-03-17 15:09:25,836 INFO [http-nio-8080-exec-3] c.n.c.a.ServiceLogAspect [ServiceLogAspect.java:36] 用户[0:0:0:0:0:0:0:1],在[2025-03-17 15:09:25],访问了[com.nowcoder.community.service.UserService.findUserById].
2025-03-17 15:09:25,837 INFO [http-nio-8080-exec-3] c.n.c.a.ServiceLogAspect [ServiceLogAspect.java:36] 用户[0:0:0:0:0:0:0:1],在[2025-03-17 15:09:25],访问了[com.nowcoder.community.service.LikeService.findUserLikeCount].
2025-03-17 15:09:25,844 INFO [http-nio-8080-exec-3] c.n.c.a.ServiceLogAspect [ServiceLogAspect.java:36] 用户[0:0:0:0:0:0:0:1],在[2025-03-17 15:09:25],访问了[com.nowcoder.community.service.UserService.findLoginTicket].
2025-03-17 15:09:25,845 INFO [http-nio-8080-exec-3] c.n.c.a.ServiceLogAspect [ServiceLogAspect.java:36] 用户[0:0:0:0:0:0:0:1],在[2025-03-17 15:09:25],访问了[com.nowcoder.community.service.UserService.findUserById].
2025-03-17 15:09:34,109 INFO [SpringApplicationShutdownHook] o.s.b.w.e.t.GracefulShutdown [GracefulShutdown.java:54] Commencing graceful shutdown. Waiting for active requests to complete
2025-03-17 15:09:34,229 INFO [tomcat-shutdown] o.s.b.w.e.t.GracefulShutdown [GracefulShutdown.java:76] Graceful shutdown complete
2025-03-17 15:09:34,251 INFO [SpringApplicationShutdownHook] c.z.h.HikariDataSource [HikariDataSource.java:349] HikariPool-1 - Shutdown initiated...
2025-03-17 15:09:34,259 INFO [SpringApplicationShutdownHook] c.z.h.HikariDataSource [HikariDataSource.java:351] HikariPool-1 - Shutdown completed.
2025-03-17 15:11:42,273 INFO [restartedMain] c.n.c.CommunityApplication [StartupInfoLogger.java:53] Starting CommunityApplication using Java 17.0.10 with PID 27764 (E:\javacode\workspace4vscode\nk\community\community\target\classes started by 40782 in E:\javacode\workspace4vscode\nk\community)
2025-03-17 15:11:42,273 INFO [restartedMain] c.n.c.CommunityApplication [SpringApplication.java:652] No active profile set, falling back to 1 default profile: "default"
2025-03-17 15:11:42,310 INFO [restartedMain] o.s.b.d.e.DevToolsPropertyDefaultsPostProcessor [DeferredLog.java:252] Devtools property defaults active! Set 'spring.devtools.add-properties' to 'false' to disable
2025-03-17 15:11:42,310 INFO [restartedMain] o.s.b.d.e.DevToolsPropertyDefaultsPostProcessor [DeferredLog.java:252] For additional web related logging consider setting the 'logging.level.web' property to 'DEBUG'
2025-03-17 15:11:43,027 INFO [restartedMain] o.s.d.r.c.RepositoryConfigurationDelegate [RepositoryConfigurationDelegate.java:295] Multiple Spring Data modules found, entering strict repository configuration mode
2025-03-17 15:11:43,030 INFO [restartedMain] o.s.d.r.c.RepositoryConfigurationDelegate [RepositoryConfigurationDelegate.java:143] Bootstrapping Spring Data Redis repositories in DEFAULT mode.
2025-03-17 15:11:43,061 INFO [restartedMain] o.s.d.r.c.RepositoryConfigurationDelegate [RepositoryConfigurationDelegate.java:211] Finished Spring Data repository scanning in 15 ms. Found 0 Redis repository interfaces.
2025-03-17 15:11:44,044 INFO [restartedMain] o.s.b.w.e.t.TomcatWebServer [TomcatWebServer.java:111] Tomcat initialized with port 8080 (http)
2025-03-17 15:11:44,059 INFO [restartedMain] o.a.c.h.Http11NioProtocol [DirectJDKLog.java:173] Initializing ProtocolHandler ["http-nio-8080"]
2025-03-17 15:11:44,061 INFO [restartedMain] o.a.c.c.StandardService [DirectJDKLog.java:173] Starting service [Tomcat]
2025-03-17 15:11:44,061 INFO [restartedMain] o.a.c.c.StandardEngine [DirectJDKLog.java:173] Starting Servlet engine: [Apache Tomcat/10.1.34]
2025-03-17 15:11:44,173 INFO [restartedMain] o.a.c.c.C.[.[.[/community] [DirectJDKLog.java:173] Initializing Spring embedded WebApplicationContext
2025-03-17 15:11:44,174 INFO [restartedMain] o.s.b.w.s.c.ServletWebServerApplicationContext [ServletWebServerApplicationContext.java:296] Root WebApplicationContext: initialization completed in 1864 ms
2025-03-17 15:11:45,039 INFO [restartedMain] o.s.b.a.w.s.WelcomePageHandlerMapping [WelcomePageHandlerMapping.java:59] Adding welcome page template: index
2025-03-17 15:11:45,617 INFO [restartedMain] o.s.b.d.a.OptionalLiveReloadServer [OptionalLiveReloadServer.java:59] LiveReload server is running on port 35729
2025-03-17 15:11:45,634 INFO [restartedMain] o.a.c.h.Http11NioProtocol [DirectJDKLog.java:173] Starting ProtocolHandler ["http-nio-8080"]
2025-03-17 15:11:45,654 INFO [restartedMain] o.s.b.w.e.t.TomcatWebServer [TomcatWebServer.java:243] Tomcat started on port 8080 (http) with context path '/community'
2025-03-17 15:11:45,663 INFO [restartedMain] c.n.c.CommunityApplication [StartupInfoLogger.java:59] Started CommunityApplication in 3.847 seconds (process running for 4.626)
2025-03-17 15:11:45,758 INFO [http-nio-8080-exec-1] o.a.c.c.C.[.[.[/community] [DirectJDKLog.java:173] Initializing Spring DispatcherServlet 'dispatcherServlet'
2025-03-17 15:11:45,758 INFO [http-nio-8080-exec-1] o.s.w.s.DispatcherServlet [FrameworkServlet.java:532] Initializing Servlet 'dispatcherServlet'
2025-03-17 15:11:45,759 INFO [http-nio-8080-exec-1] o.s.w.s.DispatcherServlet [FrameworkServlet.java:554] Completed initialization in 1 ms
2025-03-17 15:11:45,785 INFO [http-nio-8080-exec-1] c.n.c.a.ServiceLogAspect [ServiceLogAspect.java:36] 用户[0:0:0:0:0:0:0:1],在[2025-03-17 15:11:45],访问了[com.nowcoder.community.service.UserService.findLoginTicket].
2025-03-17 15:11:45,801 INFO [http-nio-8080-exec-1] c.z.h.HikariDataSource [HikariDataSource.java:109] HikariPool-1 - Starting...
2025-03-17 15:11:45,951 INFO [http-nio-8080-exec-1] c.z.h.p.HikariPool [HikariPool.java:554] HikariPool-1 - Added connection com.mysql.cj.jdbc.ConnectionImpl@4fa9cec4
2025-03-17 15:11:45,953 INFO [http-nio-8080-exec-1] c.z.h.HikariDataSource [HikariDataSource.java:122] HikariPool-1 - Start completed.
2025-03-17 15:11:46,005 INFO [http-nio-8080-exec-1] c.n.c.a.ServiceLogAspect [ServiceLogAspect.java:36] 用户[0:0:0:0:0:0:0:1],在[2025-03-17 15:11:46],访问了[com.nowcoder.community.service.UserService.findUserById].
2025-03-17 15:11:46,036 INFO [http-nio-8080-exec-1] c.n.c.a.ServiceLogAspect [ServiceLogAspect.java:36] 用户[0:0:0:0:0:0:0:1],在[2025-03-17 15:11:46],访问了[com.nowcoder.community.service.DiscussPostService.findDiscussPostById].
2025-03-17 15:11:46,043 INFO [http-nio-8080-exec-1] c.n.c.a.ServiceLogAspect [ServiceLogAspect.java:36] 用户[0:0:0:0:0:0:0:1],在[2025-03-17 15:11:46],访问了[com.nowcoder.community.service.UserService.findUserById].
2025-03-17 15:11:46,046 INFO [http-nio-8080-exec-1] c.n.c.a.ServiceLogAspect [ServiceLogAspect.java:36] 用户[0:0:0:0:0:0:0:1],在[2025-03-17 15:11:46],访问了[com.nowcoder.community.service.LikeService.findEntityLikeCount].
2025-03-17 15:11:46,489 INFO [http-nio-8080-exec-1] c.n.c.a.ServiceLogAspect [ServiceLogAspect.java:36] 用户[0:0:0:0:0:0:0:1],在[2025-03-17 15:11:46],访问了[com.nowcoder.community.service.LikeService.findEntityLikeStatus].
2025-03-17 15:11:46,504 INFO [http-nio-8080-exec-1] c.n.c.a.ServiceLogAspect [ServiceLogAspect.java:36] 用户[0:0:0:0:0:0:0:1],在[2025-03-17 15:11:46],访问了[com.nowcoder.community.service.CommentService.findCommentsByEntity].
2025-03-17 15:11:46,512 INFO [http-nio-8080-exec-1] c.n.c.a.ServiceLogAspect [ServiceLogAspect.java:36] 用户[0:0:0:0:0:0:0:1],在[2025-03-17 15:11:46],访问了[com.nowcoder.community.service.UserService.findUserById].
2025-03-17 15:11:46,513 INFO [http-nio-8080-exec-1] c.n.c.a.ServiceLogAspect [ServiceLogAspect.java:36] 用户[0:0:0:0:0:0:0:1],在[2025-03-17 15:11:46],访问了[com.nowcoder.community.service.LikeService.findEntityLikeCount].
2025-03-17 15:11:46,515 INFO [http-nio-8080-exec-1] c.n.c.a.ServiceLogAspect [ServiceLogAspect.java:36] 用户[0:0:0:0:0:0:0:1],在[2025-03-17 15:11:46],访问了[com.nowcoder.community.service.LikeService.findEntityLikeStatus].
2025-03-17 15:11:46,516 INFO [http-nio-8080-exec-1] c.n.c.a.ServiceLogAspect [ServiceLogAspect.java:36] 用户[0:0:0:0:0:0:0:1],在[2025-03-17 15:11:46],访问了[com.nowcoder.community.service.CommentService.findCommentsByEntity].
2025-03-17 15:11:46,518 INFO [http-nio-8080-exec-1] c.n.c.a.ServiceLogAspect [ServiceLogAspect.java:36] 用户[0:0:0:0:0:0:0:1],在[2025-03-17 15:11:46],访问了[com.nowcoder.community.service.UserService.findUserById].
2025-03-17 15:11:46,521 INFO [http-nio-8080-exec-1] c.n.c.a.ServiceLogAspect [ServiceLogAspect.java:36] 用户[0:0:0:0:0:0:0:1],在[2025-03-17 15:11:46],访问了[com.nowcoder.community.service.LikeService.findEntityLikeCount].
2025-03-17 15:11:46,521 INFO [http-nio-8080-exec-1] c.n.c.a.ServiceLogAspect [ServiceLogAspect.java:36] 用户[0:0:0:0:0:0:0:1],在[2025-03-17 15:11:46],访问了[com.nowcoder.community.service.LikeService.findEntityLikeStatus].
2025-03-17 15:11:46,521 INFO [http-nio-8080-exec-1] c.n.c.a.ServiceLogAspect [ServiceLogAspect.java:36] 用户[0:0:0:0:0:0:0:1],在[2025-03-17 15:11:46],访问了[com.nowcoder.community.service.UserService.findUserById].
2025-03-17 15:11:46,523 INFO [http-nio-8080-exec-1] c.n.c.a.ServiceLogAspect [ServiceLogAspect.java:36] 用户[0:0:0:0:0:0:0:1],在[2025-03-17 15:11:46],访问了[com.nowcoder.community.service.LikeService.findEntityLikeCount].
2025-03-17 15:11:46,524 INFO [http-nio-8080-exec-1] c.n.c.a.ServiceLogAspect [ServiceLogAspect.java:36] 用户[0:0:0:0:0:0:0:1],在[2025-03-17 15:11:46],访问了[com.nowcoder.community.service.LikeService.findEntityLikeStatus].
2025-03-17 15:11:46,524 INFO [http-nio-8080-exec-1] c.n.c.a.ServiceLogAspect [ServiceLogAspect.java:36] 用户[0:0:0:0:0:0:0:1],在[2025-03-17 15:11:46],访问了[com.nowcoder.community.service.CommentService.findCommentCount].
2025-03-17 15:11:46,527 INFO [http-nio-8080-exec-1] c.n.c.a.ServiceLogAspect [ServiceLogAspect.java:36] 用户[0:0:0:0:0:0:0:1],在[2025-03-17 15:11:46],访问了[com.nowcoder.community.service.UserService.findUserById].
2025-03-17 15:11:46,528 INFO [http-nio-8080-exec-1] c.n.c.a.ServiceLogAspect [ServiceLogAspect.java:36] 用户[0:0:0:0:0:0:0:1],在[2025-03-17 15:11:46],访问了[com.nowcoder.community.service.LikeService.findEntityLikeCount].
2025-03-17 15:11:46,529 INFO [http-nio-8080-exec-1] c.n.c.a.ServiceLogAspect [ServiceLogAspect.java:36] 用户[0:0:0:0:0:0:0:1],在[2025-03-17 15:11:46],访问了[com.nowcoder.community.service.LikeService.findEntityLikeStatus].
2025-03-17 15:11:46,529 INFO [http-nio-8080-exec-1] c.n.c.a.ServiceLogAspect [ServiceLogAspect.java:36] 用户[0:0:0:0:0:0:0:1],在[2025-03-17 15:11:46],访问了[com.nowcoder.community.service.CommentService.findCommentsByEntity].
2025-03-17 15:11:46,530 INFO [http-nio-8080-exec-1] c.n.c.a.ServiceLogAspect [ServiceLogAspect.java:36] 用户[0:0:0:0:0:0:0:1],在[2025-03-17 15:11:46],访问了[com.nowcoder.community.service.CommentService.findCommentCount].
2025-03-17 15:11:46,532 INFO [http-nio-8080-exec-1] c.n.c.a.ServiceLogAspect [ServiceLogAspect.java:36] 用户[0:0:0:0:0:0:0:1],在[2025-03-17 15:11:46],访问了[com.nowcoder.community.service.UserService.findUserById].
2025-03-17 15:11:46,534 INFO [http-nio-8080-exec-1] c.n.c.a.ServiceLogAspect [ServiceLogAspect.java:36] 用户[0:0:0:0:0:0:0:1],在[2025-03-17 15:11:46],访问了[com.nowcoder.community.service.LikeService.findEntityLikeCount].
2025-03-17 15:11:46,534 INFO [http-nio-8080-exec-1] c.n.c.a.ServiceLogAspect [ServiceLogAspect.java:36] 用户[0:0:0:0:0:0:0:1],在[2025-03-17 15:11:46],访问了[com.nowcoder.community.service.LikeService.findEntityLikeStatus].
2025-03-17 15:11:46,535 INFO [http-nio-8080-exec-1] c.n.c.a.ServiceLogAspect [ServiceLogAspect.java:36] 用户[0:0:0:0:0:0:0:1],在[2025-03-17 15:11:46],访问了[com.nowcoder.community.service.CommentService.findCommentsByEntity].
2025-03-17 15:11:46,537 INFO [http-nio-8080-exec-1] c.n.c.a.ServiceLogAspect [ServiceLogAspect.java:36] 用户[0:0:0:0:0:0:0:1],在[2025-03-17 15:11:46],访问了[com.nowcoder.community.service.CommentService.findCommentCount].
2025-03-17 15:11:46,539 INFO [http-nio-8080-exec-1] c.n.c.a.ServiceLogAspect [ServiceLogAspect.java:36] 用户[0:0:0:0:0:0:0:1],在[2025-03-17 15:11:46],访问了[com.nowcoder.community.service.UserService.findUserById].
2025-03-17 15:11:46,540 INFO [http-nio-8080-exec-1] c.n.c.a.ServiceLogAspect [ServiceLogAspect.java:36] 用户[0:0:0:0:0:0:0:1],在[2025-03-17 15:11:46],访问了[com.nowcoder.community.service.LikeService.findEntityLikeCount].
2025-03-17 15:11:46,541 INFO [http-nio-8080-exec-1] c.n.c.a.ServiceLogAspect [ServiceLogAspect.java:36] 用户[0:0:0:0:0:0:0:1],在[2025-03-17 15:11:46],访问了[com.nowcoder.community.service.LikeService.findEntityLikeStatus].
2025-03-17 15:11:46,541 INFO [http-nio-8080-exec-1] c.n.c.a.ServiceLogAspect [ServiceLogAspect.java:36] 用户[0:0:0:0:0:0:0:1],在[2025-03-17 15:11:46],访问了[com.nowcoder.community.service.CommentService.findCommentsByEntity].
2025-03-17 15:11:46,545 INFO [http-nio-8080-exec-1] c.n.c.a.ServiceLogAspect [ServiceLogAspect.java:36] 用户[0:0:0:0:0:0:0:1],在[2025-03-17 15:11:46],访问了[com.nowcoder.community.service.CommentService.findCommentCount].
2025-03-17 15:11:46,547 INFO [http-nio-8080-exec-1] c.n.c.a.ServiceLogAspect [ServiceLogAspect.java:36] 用户[0:0:0:0:0:0:0:1],在[2025-03-17 15:11:46],访问了[com.nowcoder.community.service.UserService.findUserById].
2025-03-17 15:11:46,548 INFO [http-nio-8080-exec-1] c.n.c.a.ServiceLogAspect [ServiceLogAspect.java:36] 用户[0:0:0:0:0:0:0:1],在[2025-03-17 15:11:46],访问了[com.nowcoder.community.service.LikeService.findEntityLikeCount].
2025-03-17 15:11:46,549 INFO [http-nio-8080-exec-1] c.n.c.a.ServiceLogAspect [ServiceLogAspect.java:36] 用户[0:0:0:0:0:0:0:1],在[2025-03-17 15:11:46],访问了[com.nowcoder.community.service.LikeService.findEntityLikeStatus].
2025-03-17 15:11:46,550 INFO [http-nio-8080-exec-1] c.n.c.a.ServiceLogAspect [ServiceLogAspect.java:36] 用户[0:0:0:0:0:0:0:1],在[2025-03-17 15:11:46],访问了[com.nowcoder.community.service.CommentService.findCommentsByEntity].
2025-03-17 15:11:46,551 INFO [http-nio-8080-exec-1] c.n.c.a.ServiceLogAspect [ServiceLogAspect.java:36] 用户[0:0:0:0:0:0:0:1],在[2025-03-17 15:11:46],访问了[com.nowcoder.community.service.CommentService.findCommentCount].
2025-03-17 15:11:51,909 INFO [http-nio-8080-exec-9] c.n.c.a.ServiceLogAspect [ServiceLogAspect.java:36] 用户[0:0:0:0:0:0:0:1],在[2025-03-17 15:11:51],访问了[com.nowcoder.community.service.UserService.findLoginTicket].
2025-03-17 15:11:51,912 INFO [http-nio-8080-exec-9] c.n.c.a.ServiceLogAspect [ServiceLogAspect.java:36] 用户[0:0:0:0:0:0:0:1],在[2025-03-17 15:11:51],访问了[com.nowcoder.community.service.UserService.findUserById].
2025-03-17 15:11:51,913 INFO [http-nio-8080-exec-9] c.n.c.a.ServiceLogAspect [ServiceLogAspect.java:36] 用户[0:0:0:0:0:0:0:1],在[2025-03-17 15:11:51],访问了[com.nowcoder.community.service.UserService.findUserById].
2025-03-17 15:11:51,914 INFO [http-nio-8080-exec-9] c.n.c.a.ServiceLogAspect [ServiceLogAspect.java:36] 用户[0:0:0:0:0:0:0:1],在[2025-03-17 15:11:51],访问了[com.nowcoder.community.service.LikeService.findUserLikeCount].
2025-03-17 15:11:51,963 INFO [http-nio-8080-exec-9] c.n.c.a.ServiceLogAspect [ServiceLogAspect.java:36] 用户[0:0:0:0:0:0:0:1],在[2025-03-17 15:11:51],访问了[com.nowcoder.community.service.UserService.findLoginTicket].
2025-03-17 15:11:51,965 INFO [http-nio-8080-exec-9] c.n.c.a.ServiceLogAspect [ServiceLogAspect.java:36] 用户[0:0:0:0:0:0:0:1],在[2025-03-17 15:11:51],访问了[com.nowcoder.community.service.UserService.findUserById].
2025-03-17 15:12:06,167 INFO [http-nio-8080-exec-7] c.n.c.a.ServiceLogAspect [ServiceLogAspect.java:36] 用户[0:0:0:0:0:0:0:1],在[2025-03-17 15:12:06],访问了[com.nowcoder.community.service.UserService.findLoginTicket].
2025-03-17 15:12:06,167 INFO [http-nio-8080-exec-7] c.n.c.a.ServiceLogAspect [ServiceLogAspect.java:36] 用户[0:0:0:0:0:0:0:1],在[2025-03-17 15:12:06],访问了[com.nowcoder.community.service.UserService.findUserById].
2025-03-17 15:12:06,167 INFO [http-nio-8080-exec-7] c.n.c.a.ServiceLogAspect [ServiceLogAspect.java:36] 用户[0:0:0:0:0:0:0:1],在[2025-03-17 15:12:06],访问了[com.nowcoder.community.service.UserService.findUserById].
2025-03-17 15:12:06,171 INFO [http-nio-8080-exec-7] c.n.c.a.ServiceLogAspect [ServiceLogAspect.java:36] 用户[0:0:0:0:0:0:0:1],在[2025-03-17 15:12:06],访问了[com.nowcoder.community.service.LikeService.findUserLikeCount].
2025-03-17 15:12:06,180 INFO [http-nio-8080-exec-7] c.n.c.a.ServiceLogAspect [ServiceLogAspect.java:36] 用户[0:0:0:0:0:0:0:1],在[2025-03-17 15:12:06],访问了[com.nowcoder.community.service.UserService.findLoginTicket].
2025-03-17 15:12:06,181 INFO [http-nio-8080-exec-7] c.n.c.a.ServiceLogAspect [ServiceLogAspect.java:36] 用户[0:0:0:0:0:0:0:1],在[2025-03-17 15:12:06],访问了[com.nowcoder.community.service.UserService.findUserById].
2025-03-17 15:12:09,275 INFO [http-nio-8080-exec-4] c.n.c.a.ServiceLogAspect [ServiceLogAspect.java:36] 用户[0:0:0:0:0:0:0:1],在[2025-03-17 15:12:09],访问了[com.nowcoder.community.service.UserService.findLoginTicket].
2025-03-17 15:12:09,278 INFO [http-nio-8080-exec-4] c.n.c.a.ServiceLogAspect [ServiceLogAspect.java:36] 用户[0:0:0:0:0:0:0:1],在[2025-03-17 15:12:09],访问了[com.nowcoder.community.service.UserService.findUserById].
2025-03-17 15:12:09,278 INFO [http-nio-8080-exec-4] c.n.c.a.ServiceLogAspect [ServiceLogAspect.java:36] 用户[0:0:0:0:0:0:0:1],在[2025-03-17 15:12:09],访问了[com.nowcoder.community.service.UserService.findUserById].
2025-03-17 15:12:09,284 INFO [http-nio-8080-exec-4] c.n.c.a.ServiceLogAspect [ServiceLogAspect.java:36] 用户[0:0:0:0:0:0:0:1],在[2025-03-17 15:12:09],访问了[com.nowcoder.community.service.LikeService.findUserLikeCount].
2025-03-17 15:12:09,284 INFO [http-nio-8080-exec-4] c.n.c.a.ServiceLogAspect [ServiceLogAspect.java:36] 用户[0:0:0:0:0:0:0:1],在[2025-03-17 15:12:09],访问了[com.nowcoder.community.service.UserService.findLoginTicket].
2025-03-17 15:12:09,293 INFO [http-nio-8080-exec-4] c.n.c.a.ServiceLogAspect [ServiceLogAspect.java:36] 用户[0:0:0:0:0:0:0:1],在[2025-03-17 15:12:09],访问了[com.nowcoder.community.service.UserService.findUserById].
2025-03-17 15:12:14,689 INFO [http-nio-8080-exec-3] c.n.c.a.ServiceLogAspect [ServiceLogAspect.java:36] 用户[0:0:0:0:0:0:0:1],在[2025-03-17 15:12:14],访问了[com.nowcoder.community.service.UserService.findLoginTicket].
2025-03-17 15:12:14,690 INFO [http-nio-8080-exec-3] c.n.c.a.ServiceLogAspect [ServiceLogAspect.java:36] 用户[0:0:0:0:0:0:0:1],在[2025-03-17 15:12:14],访问了[com.nowcoder.community.service.UserService.findUserById].
2025-03-17 15:12:14,693 INFO [http-nio-8080-exec-3] c.n.c.a.ServiceLogAspect [ServiceLogAspect.java:36] 用户[0:0:0:0:0:0:0:1],在[2025-03-17 15:12:14],访问了[com.nowcoder.community.service.UserService.findUserById].
2025-03-17 15:12:14,696 INFO [http-nio-8080-exec-3] c.n.c.a.ServiceLogAspect [ServiceLogAspect.java:36] 用户[0:0:0:0:0:0:0:1],在[2025-03-17 15:12:14],访问了[com.nowcoder.community.service.LikeService.findUserLikeCount].
2025-03-17 15:12:14,702 INFO [http-nio-8080-exec-3] c.n.c.a.ServiceLogAspect [ServiceLogAspect.java:36] 用户[0:0:0:0:0:0:0:1],在[2025-03-17 15:12:14],访问了[com.nowcoder.community.service.UserService.findLoginTicket].
2025-03-17 15:12:14,702 INFO [http-nio-8080-exec-3] c.n.c.a.ServiceLogAspect [ServiceLogAspect.java:36] 用户[0:0:0:0:0:0:0:1],在[2025-03-17 15:12:14],访问了[com.nowcoder.community.service.UserService.findUserById].
2025-03-17 15:15:36,966 INFO [SpringApplicationShutdownHook] o.s.b.w.e.t.GracefulShutdown [GracefulShutdown.java:54] Commencing graceful shutdown. Waiting for active requests to complete
2025-03-17 15:15:37,080 INFO [tomcat-shutdown] o.s.b.w.e.t.GracefulShutdown [GracefulShutdown.java:76] Graceful shutdown complete
2025-03-17 15:15:37,110 INFO [SpringApplicationShutdownHook] c.z.h.HikariDataSource [HikariDataSource.java:349] HikariPool-1 - Shutdown initiated...
2025-03-17 15:15:37,117 INFO [SpringApplicationShutdownHook] c.z.h.HikariDataSource [HikariDataSource.java:351] HikariPool-1 - Shutdown completed.
2025-03-17 16:00:59,297 INFO [restartedMain] c.n.c.CommunityApplication [StartupInfoLogger.java:53] Starting CommunityApplication using Java 17.0.10 with PID 23128 (E:\javacode\workspace4vscode\nk\community\community\target\classes started by 40782 in E:\javacode\workspace4vscode\nk\community)
2025-03-17 16:00:59,299 INFO [restartedMain] c.n.c.CommunityApplication [SpringApplication.java:652] No active profile set, falling back to 1 default profile: "default"
2025-03-17 16:00:59,340 INFO [restartedMain] o.s.b.d.e.DevToolsPropertyDefaultsPostProcessor [DeferredLog.java:252] Devtools property defaults active! Set 'spring.devtools.add-properties' to 'false' to disable
2025-03-17 16:00:59,340 INFO [restartedMain] o.s.b.d.e.DevToolsPropertyDefaultsPostProcessor [DeferredLog.java:252] For additional web related logging consider setting the 'logging.level.web' property to 'DEBUG'
2025-03-17 16:01:00,236 INFO [restartedMain] o.s.d.r.c.RepositoryConfigurationDelegate [RepositoryConfigurationDelegate.java:295] Multiple Spring Data modules found, entering strict repository configuration mode
2025-03-17 16:01:00,241 INFO [restartedMain] o.s.d.r.c.RepositoryConfigurationDelegate [RepositoryConfigurationDelegate.java:143] Bootstrapping Spring Data Redis repositories in DEFAULT mode.
2025-03-17 16:01:00,276 INFO [restartedMain] o.s.d.r.c.RepositoryConfigurationDelegate [RepositoryConfigurationDelegate.java:211] Finished Spring Data repository scanning in 17 ms. Found 0 Redis repository interfaces.
2025-03-17 16:01:01,256 INFO [restartedMain] o.s.b.w.e.t.TomcatWebServer [TomcatWebServer.java:111] Tomcat initialized with port 8080 (http)
2025-03-17 16:01:01,272 INFO [restartedMain] o.a.c.h.Http11NioProtocol [DirectJDKLog.java:173] Initializing ProtocolHandler ["http-nio-8080"]
2025-03-17 16:01:01,274 INFO [restartedMain] o.a.c.c.StandardService [DirectJDKLog.java:173] Starting service [Tomcat]
2025-03-17 16:01:01,274 INFO [restartedMain] o.a.c.c.StandardEngine [DirectJDKLog.java:173] Starting Servlet engine: [Apache Tomcat/10.1.34]
2025-03-17 16:01:01,371 INFO [restartedMain] o.a.c.c.C.[.[.[/community] [DirectJDKLog.java:173] Initializing Spring embedded WebApplicationContext
2025-03-17 16:01:01,372 INFO [restartedMain] o.s.b.w.s.c.ServletWebServerApplicationContext [ServletWebServerApplicationContext.java:296] Root WebApplicationContext: initialization completed in 2031 ms
2025-03-17 16:01:02,304 INFO [restartedMain] o.s.b.a.w.s.WelcomePageHandlerMapping [WelcomePageHandlerMapping.java:59] Adding welcome page template: index
2025-03-17 16:01:02,904 INFO [restartedMain] o.s.b.d.a.OptionalLiveReloadServer [OptionalLiveReloadServer.java:59] LiveReload server is running on port 35729
2025-03-17 16:01:02,920 INFO [restartedMain] o.a.c.h.Http11NioProtocol [DirectJDKLog.java:173] Starting ProtocolHandler ["http-nio-8080"]
2025-03-17 16:01:02,942 INFO [restartedMain] o.s.b.w.e.t.TomcatWebServer [TomcatWebServer.java:243] Tomcat started on port 8080 (http) with context path '/community'
2025-03-17 16:01:02,950 INFO [restartedMain] c.n.c.CommunityApplication [StartupInfoLogger.java:59] Started CommunityApplication in 4.215 seconds (process running for 5.07)
2025-03-17 16:01:05,131 INFO [http-nio-8080-exec-1] o.a.c.c.C.[.[.[/community] [DirectJDKLog.java:173] Initializing Spring DispatcherServlet 'dispatcherServlet'
2025-03-17 16:01:05,131 INFO [http-nio-8080-exec-1] o.s.w.s.DispatcherServlet [FrameworkServlet.java:532] Initializing Servlet 'dispatcherServlet'
2025-03-17 16:01:05,135 INFO [http-nio-8080-exec-1] o.s.w.s.DispatcherServlet [FrameworkServlet.java:554] Completed initialization in 2 ms
2025-03-17 16:01:05,172 INFO [http-nio-8080-exec-1] c.n.c.a.ServiceLogAspect [ServiceLogAspect.java:36] 用户[0:0:0:0:0:0:0:1],在[2025-03-17 16:01:05],访问了[com.nowcoder.community.service.UserService.findLoginTicket].
2025-03-17 16:01:05,194 INFO [http-nio-8080-exec-1] c.z.h.HikariDataSource [HikariDataSource.java:109] HikariPool-1 - Starting...
2025-03-17 16:01:05,384 INFO [http-nio-8080-exec-1] c.z.h.p.HikariPool [HikariPool.java:554] HikariPool-1 - Added connection com.mysql.cj.jdbc.ConnectionImpl@109fc4db
2025-03-17 16:01:05,386 INFO [http-nio-8080-exec-1] c.z.h.HikariDataSource [HikariDataSource.java:122] HikariPool-1 - Start completed.
2025-03-17 16:01:05,468 INFO [http-nio-8080-exec-1] c.n.c.a.ServiceLogAspect [ServiceLogAspect.java:36] 用户[0:0:0:0:0:0:0:1],在[2025-03-17 16:01:05],访问了[com.nowcoder.community.service.UserService.findUserById].
2025-03-17 16:01:05,499 INFO [http-nio-8080-exec-1] c.n.c.a.ServiceLogAspect [ServiceLogAspect.java:36] 用户[0:0:0:0:0:0:0:1],在[2025-03-17 16:01:05],访问了[com.nowcoder.community.service.UserService.findUserById].
2025-03-17 16:01:05,503 INFO [http-nio-8080-exec-1] c.n.c.a.ServiceLogAspect [ServiceLogAspect.java:36] 用户[0:0:0:0:0:0:0:1],在[2025-03-17 16:01:05],访问了[com.nowcoder.community.service.LikeService.findUserLikeCount].
2025-03-17 16:01:06,337 INFO [http-nio-8080-exec-1] c.n.c.a.ServiceLogAspect [ServiceLogAspect.java:36] 用户[0:0:0:0:0:0:0:1],在[2025-03-17 16:01:06],访问了[com.nowcoder.community.service.UserService.findLoginTicket].
2025-03-17 16:01:06,339 INFO [http-nio-8080-exec-1] c.n.c.a.ServiceLogAspect [ServiceLogAspect.java:36] 用户[0:0:0:0:0:0:0:1],在[2025-03-17 16:01:06],访问了[com.nowcoder.community.service.UserService.findUserById].
2025-03-17 16:01:12,105 INFO [http-nio-8080-exec-5] c.n.c.a.ServiceLogAspect [ServiceLogAspect.java:36] 用户[0:0:0:0:0:0:0:1],在[2025-03-17 16:01:12],访问了[com.nowcoder.community.service.UserService.findLoginTicket].
2025-03-17 16:01:12,109 INFO [http-nio-8080-exec-5] c.n.c.a.ServiceLogAspect [ServiceLogAspect.java:36] 用户[0:0:0:0:0:0:0:1],在[2025-03-17 16:01:12],访问了[com.nowcoder.community.service.UserService.findUserById].
2025-03-17 16:01:12,111 INFO [http-nio-8080-exec-5] c.n.c.a.ServiceLogAspect [ServiceLogAspect.java:36] 用户[0:0:0:0:0:0:0:1],在[2025-03-17 16:01:12],访问了[com.nowcoder.community.service.UserService.findUserById].
2025-03-17 16:01:12,114 INFO [http-nio-8080-exec-5] c.n.c.a.ServiceLogAspect [ServiceLogAspect.java:36] 用户[0:0:0:0:0:0:0:1],在[2025-03-17 16:01:12],访问了[com.nowcoder.community.service.LikeService.findUserLikeCount].
2025-03-17 16:01:12,162 INFO [http-nio-8080-exec-5] c.n.c.a.ServiceLogAspect [ServiceLogAspect.java:36] 用户[0:0:0:0:0:0:0:1],在[2025-03-17 16:01:12],访问了[com.nowcoder.community.service.UserService.findLoginTicket].
2025-03-17 16:01:12,164 INFO [http-nio-8080-exec-5] c.n.c.a.ServiceLogAspect [ServiceLogAspect.java:36] 用户[0:0:0:0:0:0:0:1],在[2025-03-17 16:01:12],访问了[com.nowcoder.community.service.UserService.findUserById].
2025-03-17 16:11:05,486 INFO [File Watcher] o.s.b.d.a.LocalDevToolsAutoConfiguration$RestartingClassPathChangeChangedEventListener [LocalDevToolsAutoConfiguration.java:211] Restarting due to 1 class path change (0 additions, 1 deletion, 0 modifications)
2025-03-17 16:11:05,491 INFO [Thread-5] o.s.b.w.e.t.GracefulShutdown [GracefulShutdown.java:54] Commencing graceful shutdown. Waiting for active requests to complete
2025-03-17 16:11:05,492 INFO [tomcat-shutdown] o.a.c.h.Http11NioProtocol [DirectJDKLog.java:173] Pausing ProtocolHandler ["http-nio-8080"]
2025-03-17 16:11:05,625 INFO [tomcat-shutdown] o.s.b.w.e.t.GracefulShutdown [GracefulShutdown.java:76] Graceful shutdown complete
2025-03-17 16:11:05,626 INFO [Thread-5] o.a.c.h.Http11NioProtocol [DirectJDKLog.java:173] Stopping ProtocolHandler ["http-nio-8080"]
2025-03-17 16:11:05,645 INFO [Thread-5] c.z.h.HikariDataSource [HikariDataSource.java:349] HikariPool-1 - Shutdown initiated...
2025-03-17 16:11:05,652 INFO [Thread-5] c.z.h.HikariDataSource [HikariDataSource.java:351] HikariPool-1 - Shutdown completed.
2025-03-17 16:11:05,785 INFO [restartedMain] c.n.c.CommunityApplication [StartupInfoLogger.java:53] Starting CommunityApplication using Java 17.0.10 with PID 23128 (E:\javacode\workspace4vscode\nk\community\community\target\classes started by 40782 in E:\javacode\workspace4vscode\nk\community)
2025-03-17 16:11:05,786 INFO [restartedMain] c.n.c.CommunityApplication [SpringApplication.java:652] No active profile set, falling back to 1 default profile: "default"
2025-03-17 16:11:06,108 INFO [restartedMain] o.s.d.r.c.RepositoryConfigurationDelegate [RepositoryConfigurationDelegate.java:295] Multiple Spring Data modules found, entering strict repository configuration mode
2025-03-17 16:11:06,108 INFO [restartedMain] o.s.d.r.c.RepositoryConfigurationDelegate [RepositoryConfigurationDelegate.java:143] Bootstrapping Spring Data Redis repositories in DEFAULT mode.
2025-03-17 16:11:06,121 INFO [restartedMain] o.s.d.r.c.RepositoryConfigurationDelegate [RepositoryConfigurationDelegate.java:211] Finished Spring Data repository scanning in 11 ms. Found 0 Redis repository interfaces.
2025-03-17 16:11:06,280 INFO [restartedMain] o.s.b.w.e.t.TomcatWebServer [TomcatWebServer.java:111] Tomcat initialized with port 8080 (http)
2025-03-17 16:11:06,281 INFO [restartedMain] o.a.c.h.Http11NioProtocol [DirectJDKLog.java:173] Initializing ProtocolHandler ["http-nio-8080"]
2025-03-17 16:11:06,281 INFO [restartedMain] o.a.c.c.StandardService [DirectJDKLog.java:173] Starting service [Tomcat]
2025-03-17 16:11:06,281 INFO [restartedMain] o.a.c.c.StandardEngine [DirectJDKLog.java:173] Starting Servlet engine: [Apache Tomcat/10.1.34]
2025-03-17 16:11:06,342 INFO [restartedMain] o.a.c.c.C.[.[.[/community] [DirectJDKLog.java:173] Initializing Spring embedded WebApplicationContext
2025-03-17 16:11:06,343 INFO [restartedMain] o.s.b.w.s.c.ServletWebServerApplicationContext [ServletWebServerApplicationContext.java:296] Root WebApplicationContext: initialization completed in 553 ms
2025-03-17 16:11:06,589 INFO [restartedMain] o.s.b.a.w.s.WelcomePageHandlerMapping [WelcomePageHandlerMapping.java:59] Adding welcome page template: index
2025-03-17 16:11:06,829 INFO [restartedMain] o.s.b.d.a.OptionalLiveReloadServer [OptionalLiveReloadServer.java:59] LiveReload server is running on port 35729
2025-03-17 16:11:06,837 INFO [restartedMain] o.a.c.h.Http11NioProtocol [DirectJDKLog.java:173] Starting ProtocolHandler ["http-nio-8080"]
2025-03-17 16:11:06,841 INFO [restartedMain] o.s.b.w.e.t.TomcatWebServer [TomcatWebServer.java:243] Tomcat started on port 8080 (http) with context path '/community'
2025-03-17 16:11:06,844 INFO [restartedMain] c.n.c.CommunityApplication [StartupInfoLogger.java:59] Started CommunityApplication in 1.129 seconds (process running for 608.964)
2025-03-17 16:11:06,846 INFO [restartedMain] o.s.b.d.a.ConditionEvaluationDeltaLoggingListener [ConditionEvaluationDeltaLoggingListener.java:63] Condition evaluation unchanged
2025-03-17 16:11:06,893 INFO [http-nio-8080-exec-1] o.a.c.c.C.[.[.[/community] [DirectJDKLog.java:173] Initializing Spring DispatcherServlet 'dispatcherServlet'
2025-03-17 16:11:06,894 INFO [http-nio-8080-exec-1] o.s.w.s.DispatcherServlet [FrameworkServlet.java:532] Initializing Servlet 'dispatcherServlet'
2025-03-17 16:11:06,894 INFO [http-nio-8080-exec-1] o.s.w.s.DispatcherServlet [FrameworkServlet.java:554] Completed initialization in 0 ms
2025-03-17 16:11:06,897 INFO [http-nio-8080-exec-1] c.n.c.a.ServiceLogAspect [ServiceLogAspect.java:36] 用户[127.0.0.1],在[2025-03-17 16:11:06],访问了[com.nowcoder.community.service.UserService.findLoginTicket].
2025-03-17 16:11:06,898 INFO [http-nio-8080-exec-1] c.z.h.HikariDataSource [HikariDataSource.java:109] HikariPool-2 - Starting...
2025-03-17 16:11:06,903 INFO [http-nio-8080-exec-1] c.z.h.p.HikariPool [HikariPool.java:554] HikariPool-2 - Added connection com.mysql.cj.jdbc.ConnectionImpl@6956e21
2025-03-17 16:11:06,903 INFO [http-nio-8080-exec-1] c.z.h.HikariDataSource [HikariDataSource.java:122] HikariPool-2 - Start completed.
2025-03-17 16:11:06,905 INFO [http-nio-8080-exec-1] c.n.c.a.ServiceLogAspect [ServiceLogAspect.java:36] 用户[127.0.0.1],在[2025-03-17 16:11:06],访问了[com.nowcoder.community.service.UserService.findUserById].
2025-03-17 16:11:06,907 INFO [http-nio-8080-exec-1] c.n.c.a.ServiceLogAspect [ServiceLogAspect.java:36] 用户[127.0.0.1],在[2025-03-17 16:11:06],访问了[com.nowcoder.community.service.UserService.findUserById].
2025-03-17 16:11:06,908 INFO [http-nio-8080-exec-1] c.n.c.a.ServiceLogAspect [ServiceLogAspect.java:36] 用户[127.0.0.1],在[2025-03-17 16:11:06],访问了[com.nowcoder.community.service.LikeService.findUserLikeCount].
2025-03-17 16:11:06,947 INFO [http-nio-8080-exec-1] c.n.c.a.ServiceLogAspect [ServiceLogAspect.java:36] 用户[127.0.0.1],在[2025-03-17 16:11:06],访问了[com.nowcoder.community.service.FollowService.findFolloweeCount].
2025-03-17 16:11:06,949 INFO [http-nio-8080-exec-1] c.n.c.a.ServiceLogAspect [ServiceLogAspect.java:36] 用户[127.0.0.1],在[2025-03-17 16:11:06],访问了[com.nowcoder.community.service.FollowService.findFollowerCount].
2025-03-17 16:11:06,950 INFO [http-nio-8080-exec-1] c.n.c.a.ServiceLogAspect [ServiceLogAspect.java:36] 用户[127.0.0.1],在[2025-03-17 16:11:06],访问了[com.nowcoder.community.service.FollowService.hasFollowed].
2025-03-17 16:11:08,466 INFO [File Watcher] o.s.b.d.a.LocalDevToolsAutoConfiguration$RestartingClassPathChangeChangedEventListener [LocalDevToolsAutoConfiguration.java:211] Restarting due to 1 class path change (1 addition, 0 deletions, 0 modifications)
2025-03-17 16:11:08,467 INFO [Thread-7] o.s.b.w.e.t.GracefulShutdown [GracefulShutdown.java:54] Commencing graceful shutdown. Waiting for active requests to complete
2025-03-17 16:11:08,468 INFO [tomcat-shutdown] o.a.c.h.Http11NioProtocol [DirectJDKLog.java:173] Pausing ProtocolHandler ["http-nio-8080"]
2025-03-17 16:11:08,555 INFO [tomcat-shutdown] o.s.b.w.e.t.GracefulShutdown [GracefulShutdown.java:76] Graceful shutdown complete
2025-03-17 16:11:08,555 INFO [Thread-7] o.a.c.h.Http11NioProtocol [DirectJDKLog.java:173] Stopping ProtocolHandler ["http-nio-8080"]
2025-03-17 16:11:08,560 INFO [Thread-7] c.z.h.HikariDataSource [HikariDataSource.java:349] HikariPool-2 - Shutdown initiated...
2025-03-17 16:11:08,561 INFO [Thread-7] c.z.h.HikariDataSource [HikariDataSource.java:351] HikariPool-2 - Shutdown completed.
2025-03-17 16:11:08,664 INFO [restartedMain] c.n.c.CommunityApplication [StartupInfoLogger.java:53] Starting CommunityApplication using Java 17.0.10 with PID 23128 (E:\javacode\workspace4vscode\nk\community\community\target\classes started by 40782 in E:\javacode\workspace4vscode\nk\community)
2025-03-17 16:11:08,664 INFO [restartedMain] c.n.c.CommunityApplication [SpringApplication.java:652] No active profile set, falling back to 1 default profile: "default"
2025-03-17 16:11:08,932 INFO [restartedMain] o.s.d.r.c.RepositoryConfigurationDelegate [RepositoryConfigurationDelegate.java:295] Multiple Spring Data modules found, entering strict repository configuration mode
2025-03-17 16:11:08,932 INFO [restartedMain] o.s.d.r.c.RepositoryConfigurationDelegate [RepositoryConfigurationDelegate.java:143] Bootstrapping Spring Data Redis repositories in DEFAULT mode.
2025-03-17 16:11:08,947 INFO [restartedMain] o.s.d.r.c.RepositoryConfigurationDelegate [RepositoryConfigurationDelegate.java:211] Finished Spring Data repository scanning in 11 ms. Found 0 Redis repository interfaces.
2025-03-17 16:11:09,072 INFO [restartedMain] o.s.b.w.e.t.TomcatWebServer [TomcatWebServer.java:111] Tomcat initialized with port 8080 (http)
2025-03-17 16:11:09,072 INFO [restartedMain] o.a.c.h.Http11NioProtocol [DirectJDKLog.java:173] Initializing ProtocolHandler ["http-nio-8080"]
2025-03-17 16:11:09,072 INFO [restartedMain] o.a.c.c.StandardService [DirectJDKLog.java:173] Starting service [Tomcat]
2025-03-17 16:11:09,072 INFO [restartedMain] o.a.c.c.StandardEngine [DirectJDKLog.java:173] Starting Servlet engine: [Apache Tomcat/10.1.34]
2025-03-17 16:11:09,119 INFO [restartedMain] o.a.c.c.C.[.[.[/community] [DirectJDKLog.java:173] Initializing Spring embedded WebApplicationContext
2025-03-17 16:11:09,119 INFO [restartedMain] o.s.b.w.s.c.ServletWebServerApplicationContext [ServletWebServerApplicationContext.java:296] Root WebApplicationContext: initialization completed in 452 ms
2025-03-17 16:11:09,324 INFO [restartedMain] o.s.b.a.w.s.WelcomePageHandlerMapping [WelcomePageHandlerMapping.java:59] Adding welcome page template: index
2025-03-17 16:11:09,513 INFO [restartedMain] o.s.b.d.a.OptionalLiveReloadServer [OptionalLiveReloadServer.java:59] LiveReload server is running on port 35729
2025-03-17 16:11:09,513 INFO [restartedMain] o.a.c.h.Http11NioProtocol [DirectJDKLog.java:173] Starting ProtocolHandler ["http-nio-8080"]
2025-03-17 16:11:09,529 INFO [restartedMain] o.s.b.w.e.t.TomcatWebServer [TomcatWebServer.java:243] Tomcat started on port 8080 (http) with context path '/community'
2025-03-17 16:11:09,529 INFO [restartedMain] c.n.c.CommunityApplication [StartupInfoLogger.java:59] Started CommunityApplication in 0.916 seconds (process running for 611.656)
2025-03-17 16:11:09,529 INFO [restartedMain] o.s.b.d.a.ConditionEvaluationDeltaLoggingListener [ConditionEvaluationDeltaLoggingListener.java:63] Condition evaluation unchanged
2025-03-17 16:17:40,667 INFO [SpringApplicationShutdownHook] o.s.b.w.e.t.GracefulShutdown [GracefulShutdown.java:54] Commencing graceful shutdown. Waiting for active requests to complete
2025-03-17 16:17:40,849 INFO [tomcat-shutdown] o.s.b.w.e.t.GracefulShutdown [GracefulShutdown.java:76] Graceful shutdown complete
